Archive member included to satisfy reference by file (symbol)

/usr/local/gcc-arm-none-eabi-7-2017-q4-major/bin/../lib/gcc/arm-none-eabi/7.2.1/../../../../arm-none-eabi/lib/thumb/v7e-m/fpv4-sp/hard/libc_nano.a(lib_a-exit.o)
                              /usr/local/gcc-arm-none-eabi-7-2017-q4-major/bin/../lib/gcc/arm-none-eabi/7.2.1/../../../../arm-none-eabi/lib/thumb/v7e-m/fpv4-sp/hard/crt0.o (exit)
/usr/local/gcc-arm-none-eabi-7-2017-q4-major/bin/../lib/gcc/arm-none-eabi/7.2.1/../../../../arm-none-eabi/lib/thumb/v7e-m/fpv4-sp/hard/libc_nano.a(lib_a-impure.o)
                              /usr/local/gcc-arm-none-eabi-7-2017-q4-major/bin/../lib/gcc/arm-none-eabi/7.2.1/../../../../arm-none-eabi/lib/thumb/v7e-m/fpv4-sp/hard/libc_nano.a(lib_a-exit.o) (_global_impure_ptr)
/usr/local/gcc-arm-none-eabi-7-2017-q4-major/bin/../lib/gcc/arm-none-eabi/7.2.1/../../../../arm-none-eabi/lib/thumb/v7e-m/fpv4-sp/hard/libc_nano.a(lib_a-init.o)
                              /usr/local/gcc-arm-none-eabi-7-2017-q4-major/bin/../lib/gcc/arm-none-eabi/7.2.1/../../../../arm-none-eabi/lib/thumb/v7e-m/fpv4-sp/hard/crt0.o (__libc_init_array)
/usr/local/gcc-arm-none-eabi-7-2017-q4-major/bin/../lib/gcc/arm-none-eabi/7.2.1/../../../../arm-none-eabi/lib/thumb/v7e-m/fpv4-sp/hard/libc_nano.a(lib_a-memcpy-stub.o)
                              _build/nrf52832_xxaa/app_scheduler.c.o (memcpy)
/usr/local/gcc-arm-none-eabi-7-2017-q4-major/bin/../lib/gcc/arm-none-eabi/7.2.1/../../../../arm-none-eabi/lib/thumb/v7e-m/fpv4-sp/hard/libc_nano.a(lib_a-memset.o)
                              /usr/local/gcc-arm-none-eabi-7-2017-q4-major/bin/../lib/gcc/arm-none-eabi/7.2.1/../../../../arm-none-eabi/lib/thumb/v7e-m/fpv4-sp/hard/crt0.o (memset)
/usr/local/gcc-arm-none-eabi-7-2017-q4-major/bin/../lib/gcc/arm-none-eabi/7.2.1/../../../../arm-none-eabi/lib/thumb/v7e-m/fpv4-sp/hard/libnosys.a(_exit.o)
                              /usr/local/gcc-arm-none-eabi-7-2017-q4-major/bin/../lib/gcc/arm-none-eabi/7.2.1/../../../../arm-none-eabi/lib/thumb/v7e-m/fpv4-sp/hard/libc_nano.a(lib_a-exit.o) (_exit)
/usr/local/gcc-arm-none-eabi-7-2017-q4-major/bin/../lib/gcc/arm-none-eabi/7.2.1/thumb/v7e-m/fpv4-sp/hard/libgcc.a(_aeabi_ldivmod.o)
                              _build/nrf52832_xxaa/bsp.c.o (__aeabi_ldivmod)
/usr/local/gcc-arm-none-eabi-7-2017-q4-major/bin/../lib/gcc/arm-none-eabi/7.2.1/thumb/v7e-m/fpv4-sp/hard/libgcc.a(_aeabi_uldivmod.o)
                              _build/nrf52832_xxaa/bsp.c.o (__aeabi_uldivmod)
/usr/local/gcc-arm-none-eabi-7-2017-q4-major/bin/../lib/gcc/arm-none-eabi/7.2.1/thumb/v7e-m/fpv4-sp/hard/libgcc.a(_udivmoddi4.o)
                              /usr/local/gcc-arm-none-eabi-7-2017-q4-major/bin/../lib/gcc/arm-none-eabi/7.2.1/thumb/v7e-m/fpv4-sp/hard/libgcc.a(_aeabi_ldivmod.o) (__udivmoddi4)
/usr/local/gcc-arm-none-eabi-7-2017-q4-major/bin/../lib/gcc/arm-none-eabi/7.2.1/thumb/v7e-m/fpv4-sp/hard/libgcc.a(_dvmd_tls.o)
                              /usr/local/gcc-arm-none-eabi-7-2017-q4-major/bin/../lib/gcc/arm-none-eabi/7.2.1/thumb/v7e-m/fpv4-sp/hard/libgcc.a(_aeabi_ldivmod.o) (__aeabi_ldiv0)

Allocating common symbols
Common symbol       size              file

nrf_nvic_state      0xc               _build/nrf52832_xxaa/app_util_platform.c.o

Discarded input sections

 .text          0x0000000000000000        0x0 /usr/local/gcc-arm-none-eabi-7-2017-q4-major/bin/../lib/gcc/arm-none-eabi/7.2.1/thumb/v7e-m/fpv4-sp/hard/crti.o
 .data          0x0000000000000000        0x0 /usr/local/gcc-arm-none-eabi-7-2017-q4-major/bin/../lib/gcc/arm-none-eabi/7.2.1/thumb/v7e-m/fpv4-sp/hard/crti.o
 .bss           0x0000000000000000        0x0 /usr/local/gcc-arm-none-eabi-7-2017-q4-major/bin/../lib/gcc/arm-none-eabi/7.2.1/thumb/v7e-m/fpv4-sp/hard/crti.o
 .data          0x0000000000000000        0x4 /usr/local/gcc-arm-none-eabi-7-2017-q4-major/bin/../lib/gcc/arm-none-eabi/7.2.1/thumb/v7e-m/fpv4-sp/hard/crtbegin.o
 .data          0x0000000000000000        0x0 /usr/local/gcc-arm-none-eabi-7-2017-q4-major/bin/../lib/gcc/arm-none-eabi/7.2.1/../../../../arm-none-eabi/lib/thumb/v7e-m/fpv4-sp/hard/crt0.o
 .bss           0x0000000000000000        0x0 /usr/local/gcc-arm-none-eabi-7-2017-q4-major/bin/../lib/gcc/arm-none-eabi/7.2.1/../../../../arm-none-eabi/lib/thumb/v7e-m/fpv4-sp/hard/crt0.o
 .ARM.extab     0x0000000000000000        0x0 /usr/local/gcc-arm-none-eabi-7-2017-q4-major/bin/../lib/gcc/arm-none-eabi/7.2.1/../../../../arm-none-eabi/lib/thumb/v7e-m/fpv4-sp/hard/crt0.o
 .group         0x0000000000000000        0xc _build/nrf52832_xxaa/nrf_log_frontend.c.o
 .group         0x0000000000000000        0xc _build/nrf52832_xxaa/nrf_log_frontend.c.o
 .group         0x0000000000000000        0xc _build/nrf52832_xxaa/nrf_log_frontend.c.o
 .group         0x0000000000000000        0xc _build/nrf52832_xxaa/nrf_log_frontend.c.o
 .group         0x0000000000000000        0xc _build/nrf52832_xxaa/nrf_log_frontend.c.o
[...]
Memory Configuration

Name             Origin             Length             Attributes
FLASH            0x0000000000012000 0x000000000006e000 xr
RAM              0x0000000020000b80 0x000000000000f480 xrw
*default*        0x0000000000000000 0xffffffffffffffff

Linker script and memory map


.text           0x0000000000012000     0x29a0
 *(.isr_vector)
 .isr_vector    0x0000000000012000      0x200 _build/nrf52832_xxaa/gcc_startup_nrf52.S.o
                0x0000000000012000                __isr_vector
 *(.text*)
 .text          0x0000000000012200       0x40 /usr/local/gcc-arm-none-eabi-7-2017-q4-major/bin/../lib/gcc/arm-none-eabi/7.2.1/thumb/v7e-m/fpv4-sp/hard/crtbegin.o
 .text          0x0000000000012240       0x74 /usr/local/gcc-arm-none-eabi-7-2017-q4-major/bin/../lib/gcc/arm-none-eabi/7.2.1/../../../../arm-none-eabi/lib/thumb/v7e-m/fpv4-sp/hard/crt0.o
                0x0000000000012240                _mainCRTStartup
                0x0000000000012240                _start
 .text.bsp_board_led_state_get
                0x00000000000122b4       0x1c _build/nrf52832_xxaa/boards.c.o
                0x00000000000122b4                bsp_board_led_state_get
 .text.bsp_board_led_on
                0x00000000000122d0       0x18 _build/nrf52832_xxaa/boards.c.o
                0x00000000000122d0                bsp_board_led_on
 .text.bsp_board_led_off
                0x00000000000122e8       0x18 _build/nrf52832_xxaa/boards.c.o
                0x00000000000122e8                bsp_board_led_off
 .text.bsp_board_leds_off
                0x0000000000012300       0x2c _build/nrf52832_xxaa/boards.c.o
                0x0000000000012300                bsp_board_leds_off
 .text.bsp_board_leds_on
                0x000000000001232c       0x2c _build/nrf52832_xxaa/boards.c.o
                0x000000000001232c                bsp_board_leds_on
 .text.bsp_board_led_invert
                0x0000000000012358       0x24 _build/nrf52832_xxaa/boards.c.o
                0x0000000000012358                bsp_board_led_invert
 .text.bsp_board_leds_init
                0x000000000001237c       0x3c _build/nrf52832_xxaa/boards.c.o
                0x000000000001237c                bsp_board_leds_init
 .text.bsp_board_pin_to_button_idx
                0x00000000000123b8       0x24 _build/nrf52832_xxaa/boards.c.o
                0x00000000000123b8                bsp_board_pin_to_button_idx
 .text.detection_delay_timeout_handler
                0x00000000000123dc       0xac _build/nrf52832_xxaa/app_button.c.o
 .text.gpiote_event_handler
                0x0000000000012488       0x5c _build/nrf52832_xxaa/app_button.c.o
 .text.app_button_init
                0x00000000000124e4       0xac _build/nrf52832_xxaa/app_button.c.o
                0x00000000000124e4                app_button_init
 .text.app_button_enable
                0x0000000000012590       0x2c _build/nrf52832_xxaa/app_button.c.o
                0x0000000000012590                app_button_enable
 .text.app_error_handler_bare
                0x00000000000125bc       0x20 _build/nrf52832_xxaa/app_error.c.o
                0x00000000000125bc                app_error_handler_bare
 .text.app_error_fault_handler
                0x00000000000125dc       0x30 _build/nrf52832_xxaa/app_error_weak.c.o
                0x00000000000125dc                app_error_fault_handler
 .text.RTC1_IRQHandler
                0x000000000001260c       0xa0 _build/nrf52832_xxaa/app_timer.c.o
                0x000000000001260c                RTC1_IRQHandler
 .text.SWI0_EGU0_IRQHandler
                0x00000000000126ac      0x670 _build/nrf52832_xxaa/app_timer.c.o
                0x00000000000126ac                SWI0_EGU0_IRQHandler
 .text.app_timer_init
                0x0000000000012d1c      0x180 _build/nrf52832_xxaa/app_timer.c.o
                0x0000000000012d1c                app_timer_init
 .text.app_timer_create
                0x0000000000012e9c       0x24 _build/nrf52832_xxaa/app_timer.c.o
                0x0000000000012e9c                app_timer_create
 .text.app_timer_start
                0x0000000000012ec0       0xac _build/nrf52832_xxaa/app_timer.c.o
                0x0000000000012ec0                app_timer_start
 .text.app_timer_stop
                0x0000000000012f6c       0x74 _build/nrf52832_xxaa/app_timer.c.o
                0x0000000000012f6c                app_timer_stop
 .text.app_util_critical_region_enter
                0x0000000000012fe0       0x4c _build/nrf52832_xxaa/app_util_platform.c.o
                0x0000000000012fe0                app_util_critical_region_enter
 .text.app_util_critical_region_exit
                0x000000000001302c       0x30 _build/nrf52832_xxaa/app_util_platform.c.o
                0x000000000001302c                app_util_critical_region_exit
 .text.HardFault_Handler
                0x000000000001305c       0x40 _build/nrf52832_xxaa/hardfault_handler_gcc.c.o
                0x000000000001305c                HardFault_Handler
 .text.HardFault_process
                0x000000000001309c       0x24 _build/nrf52832_xxaa/hardfault_implementation.c.o
                0x000000000001309c                HardFault_process
 .text.HardFault_c_handler
                0x00000000000130c0        0x8 _build/nrf52832_xxaa/hardfault_implementation.c.o
                0x00000000000130c0                HardFault_c_handler
 .text.sd_app_evt_wait
                0x00000000000130c8        0x4 _build/nrf52832_xxaa/nrf_pwr_mgmt.c.o
 .text.nrf_pwr_mgmt_init
                0x00000000000130cc       0x2c _build/nrf52832_xxaa/nrf_pwr_mgmt.c.o
                0x00000000000130cc                nrf_pwr_mgmt_init
 .text.nrf_pwr_mgmt_run
                0x00000000000130f8       0x50 _build/nrf52832_xxaa/nrf_pwr_mgmt.c.o
                0x00000000000130f8                nrf_pwr_mgmt_run
 .text.nrf_section_iter_init
                0x0000000000013148       0x14 _build/nrf52832_xxaa/nrf_section_iter.c.o
                0x0000000000013148                nrf_section_iter_init
 .text.nrf_section_iter_next
                0x000000000001315c       0x18 _build/nrf52832_xxaa/nrf_section_iter.c.o
                0x000000000001315c                nrf_section_iter_next
 .text.nrf_drv_common_irq_enable
                0x0000000000013174       0x48 _build/nrf52832_xxaa/nrf_drv_common.c.o
                0x0000000000013174                nrf_drv_common_irq_enable
 .text.nrf_drv_gpiote_init
                0x00000000000131bc       0x74 _build/nrf52832_xxaa/nrf_drv_gpiote.c.o
                0x00000000000131bc                nrf_drv_gpiote_init
 .text.nrf_drv_gpiote_is_init
                0x0000000000013230       0x14 _build/nrf52832_xxaa/nrf_drv_gpiote.c.o
                0x0000000000013230                nrf_drv_gpiote_is_init
 .text.nrf_drv_gpiote_in_init
                0x0000000000013244      0x19c _build/nrf52832_xxaa/nrf_drv_gpiote.c.o
                0x0000000000013244                nrf_drv_gpiote_in_init
 .text.nrf_drv_gpiote_in_event_enable
                0x00000000000133e0       0xc4 _build/nrf52832_xxaa/nrf_drv_gpiote.c.o
                0x00000000000133e0                nrf_drv_gpiote_in_event_enable
 .text.nrf_drv_gpiote_in_is_set
                0x00000000000134a4       0x14 _build/nrf52832_xxaa/nrf_drv_gpiote.c.o
                0x00000000000134a4                nrf_drv_gpiote_in_is_set
 .text.GPIOTE_IRQHandler
                0x00000000000134b8      0x548 _build/nrf52832_xxaa/nrf_drv_gpiote.c.o
                0x00000000000134b8                GPIOTE_IRQHandler
 .text.sd_ant_channel_assign
                0x0000000000013a00        0x4 _build/nrf52832_xxaa/ant_channel_config.c.o
 .text.sd_ant_channel_radio_freq_set
                0x0000000000013a04        0x4 _build/nrf52832_xxaa/ant_channel_config.c.o
 .text.sd_ant_channel_period_set
                0x0000000000013a08        0x4 _build/nrf52832_xxaa/ant_channel_config.c.o
 .text.sd_ant_channel_id_set
                0x0000000000013a0c        0x4 _build/nrf52832_xxaa/ant_channel_config.c.o
 .text.ant_channel_init
                0x0000000000013a10       0x48 _build/nrf52832_xxaa/ant_channel_config.c.o
                0x0000000000013a10                ant_channel_init
 .text.alert_timer_handler
                0x0000000000013a58        0x8 _build/nrf52832_xxaa/bsp.c.o
 .text.bsp_button_event_handler
                0x0000000000013a60       0xa0 _build/nrf52832_xxaa/bsp.c.o
 .text.button_timer_handler
                0x0000000000013b00       0x30 _build/nrf52832_xxaa/bsp.c.o
 .text.leds_timer_handler
                0x0000000000013b30      0x2e4 _build/nrf52832_xxaa/bsp.c.o
 .text.bsp_init
                0x0000000000013e14       0xac _build/nrf52832_xxaa/bsp.c.o
                0x0000000000013e14                bsp_init
 .text.sd_ant_channel_open_with_offset
                0x0000000000013ec0        0x4 _build/nrf52832_xxaa/ant_io_tx.c.o
 .text.sd_ant_broadcast_message_tx
                0x0000000000013ec4        0x4 _build/nrf52832_xxaa/ant_io_tx.c.o
 .text.sd_ant_lib_config_set
                0x0000000000013ec8        0x4 _build/nrf52832_xxaa/ant_io_tx.c.o
 .text.ant_evt_handler
                0x0000000000013ecc       0x94 _build/nrf52832_xxaa/ant_io_tx.c.o
 .text.ant_io_tx_setup
                0x0000000000013f60       0x5c _build/nrf52832_xxaa/ant_io_tx.c.o
                0x0000000000013f60                ant_io_tx_setup
 .text.startup.main
                0x0000000000013fbc       0x4c _build/nrf52832_xxaa/main.c.o
                0x0000000000013fbc                main
 .text          0x0000000000014008       0x3c _build/nrf52832_xxaa/gcc_startup_nrf52.S.o
                0x0000000000014008                Reset_Handler
                0x0000000000014030                NMI_Handler
                0x0000000000014034                MemoryManagement_Handler
                0x0000000000014036                BusFault_Handler
                0x0000000000014038                UsageFault_Handler
                0x000000000001403a                SVC_Handler
                0x000000000001403c                DebugMon_Handler
                0x000000000001403e                PendSV_Handler
                0x0000000000014040                SysTick_Handler
                0x0000000000014042                FPU_IRQHandler
                0x0000000000014042                SPIM0_SPIS0_TWIM0_TWIS0_SPI0_TWI0_IRQHandler
                0x0000000000014042                UARTE0_UART0_IRQHandler
                0x0000000000014042                TIMER4_IRQHandler
                0x0000000000014042                I2S_IRQHandler
                0x0000000000014042                SWI4_EGU4_IRQHandler
                0x0000000000014042                TIMER0_IRQHandler
                0x0000000000014042                TIMER1_IRQHandler
                0x0000000000014042                PWM2_IRQHandler
                0x0000000000014042                ECB_IRQHandler
                0x0000000000014042                SPIM1_SPIS1_TWIM1_TWIS1_SPI1_TWI1_IRQHandler
                0x0000000000014042                Default_Handler
                0x0000000000014042                SAADC_IRQHandler
                0x0000000000014042                CCM_AAR_IRQHandler
                0x0000000000014042                WDT_IRQHandler
                0x0000000000014042                SWI5_EGU5_IRQHandler
                0x0000000000014042                RNG_IRQHandler
                0x0000000000014042                RTC2_IRQHandler
                0x0000000000014042                PWM0_IRQHandler
                0x0000000000014042                SWI3_EGU3_IRQHandler
                0x0000000000014042                SWI1_EGU1_IRQHandler
                0x0000000000014042                SPIM2_SPIS2_SPI2_IRQHandler
                0x0000000000014042                NFCT_IRQHandler
                0x0000000000014042                MWU_IRQHandler
                0x0000000000014042                TIMER2_IRQHandler
                0x0000000000014042                COMP_LPCOMP_IRQHandler
                0x0000000000014042                RTC0_IRQHandler
                0x0000000000014042                PWM1_IRQHandler
                0x0000000000014042                POWER_CLOCK_IRQHandler
                0x0000000000014042                RADIO_IRQHandler
                0x0000000000014042                PDM_IRQHandler
                0x0000000000014042                TEMP_IRQHandler
                0x0000000000014042                QDEC_IRQHandler
                0x0000000000014042                TIMER3_IRQHandler
 .text.SystemInit
                0x0000000000014044      0x2f8 _build/nrf52832_xxaa/system_nrf52.c.o
                0x0000000000014044                SystemInit
 .text.sd_softdevice_enable
                0x000000000001433c        0x4 _build/nrf52832_xxaa/nrf_sdh.c.o
 .text.nrf_sdh_enable_request
                0x0000000000014340      0x110 _build/nrf52832_xxaa/nrf_sdh.c.o
                0x0000000000014340                nrf_sdh_enable_request
 .text.nrf_sdh_is_enabled
                0x0000000000014450        0xc _build/nrf52832_xxaa/nrf_sdh.c.o
                0x0000000000014450                nrf_sdh_is_enabled
 .text.SWI2_EGU2_IRQHandler
                0x000000000001445c       0x2c _build/nrf52832_xxaa/nrf_sdh.c.o
                0x000000000001445c                SWI2_EGU2_IRQHandler
 .text.sd_ant_event_get
                0x0000000000014488        0x4 _build/nrf52832_xxaa/nrf_sdh_ant.c.o
 .text.sd_ant_enable
                0x000000000001448c        0x4 _build/nrf52832_xxaa/nrf_sdh_ant.c.o
 .text.nrf_sdh_ant_evts_poll
                0x0000000000014490       0x48 _build/nrf52832_xxaa/nrf_sdh_ant.c.o
 .text.nrf_sdh_ant_enable
                0x00000000000144d8       0x20 _build/nrf52832_xxaa/nrf_sdh_ant.c.o
                0x00000000000144d8                nrf_sdh_ant_enable
 .text.sd_evt_get
                0x00000000000144f8        0x4 _build/nrf52832_xxaa/nrf_sdh_soc.c.o
 .text.nrf_sdh_soc_evts_poll
                0x00000000000144fc       0x4c _build/nrf52832_xxaa/nrf_sdh_soc.c.o
 .text.exit     0x0000000000014548       0x28 /usr/local/gcc-arm-none-eabi-7-2017-q4-major/bin/../lib/gcc/arm-none-eabi/7.2.1/../../../../arm-none-eabi/lib/thumb/v7e-m/fpv4-sp/hard/libc_nano.a(lib_a-exit.o)
                0x0000000000014548                exit
 .text.__libc_init_array
                0x0000000000014570       0x48 /usr/local/gcc-arm-none-eabi-7-2017-q4-major/bin/../lib/gcc/arm-none-eabi/7.2.1/../../../../arm-none-eabi/lib/thumb/v7e-m/fpv4-sp/hard/libc_nano.a(lib_a-init.o)
                0x0000000000014570                __libc_init_array
 .text.memset   0x00000000000145b8       0x10 /usr/local/gcc-arm-none-eabi-7-2017-q4-major/bin/../lib/gcc/arm-none-eabi/7.2.1/../../../../arm-none-eabi/lib/thumb/v7e-m/fpv4-sp/hard/libc_nano.a(lib_a-memset.o)
                0x00000000000145b8                memset
 .text._exit    0x00000000000145c8        0x4 /usr/local/gcc-arm-none-eabi-7-2017-q4-major/bin/../lib/gcc/arm-none-eabi/7.2.1/../../../../arm-none-eabi/lib/thumb/v7e-m/fpv4-sp/hard/libnosys.a(_exit.o)
                0x00000000000145c8                _exit
 .text          0x00000000000145cc       0x30 /usr/local/gcc-arm-none-eabi-7-2017-q4-major/bin/../lib/gcc/arm-none-eabi/7.2.1/thumb/v7e-m/fpv4-sp/hard/libgcc.a(_aeabi_uldivmod.o)
                0x00000000000145cc                __aeabi_uldivmod
 .text          0x00000000000145fc      0x2cc /usr/local/gcc-arm-none-eabi-7-2017-q4-major/bin/../lib/gcc/arm-none-eabi/7.2.1/thumb/v7e-m/fpv4-sp/hard/libgcc.a(_udivmoddi4.o)
                0x00000000000145fc                __udivmoddi4
 .text          0x00000000000148c8        0x4 /usr/local/gcc-arm-none-eabi-7-2017-q4-major/bin/../lib/gcc/arm-none-eabi/7.2.1/thumb/v7e-m/fpv4-sp/hard/libgcc.a(_dvmd_tls.o)
                0x00000000000148c8                __aeabi_ldiv0
                0x00000000000148c8                __aeabi_idiv0
 *(.init)
 .init          0x00000000000148cc        0x4 /usr/local/gcc-arm-none-eabi-7-2017-q4-major/bin/../lib/gcc/arm-none-eabi/7.2.1/thumb/v7e-m/fpv4-sp/hard/crti.o
                0x00000000000148cc                _init
 .init          0x00000000000148d0        0x8 /usr/local/gcc-arm-none-eabi-7-2017-q4-major/bin/../lib/gcc/arm-none-eabi/7.2.1/thumb/v7e-m/fpv4-sp/hard/crtn.o
 *(.fini)
 .fini          0x00000000000148d8        0x4 /usr/local/gcc-arm-none-eabi-7-2017-q4-major/bin/../lib/gcc/arm-none-eabi/7.2.1/thumb/v7e-m/fpv4-sp/hard/crti.o
                0x00000000000148d8                _fini
 .fini          0x00000000000148dc        0x8 /usr/local/gcc-arm-none-eabi-7-2017-q4-major/bin/../lib/gcc/arm-none-eabi/7.2.1/thumb/v7e-m/fpv4-sp/hard/crtn.o
 *crtbegin.o(.ctors)
 *crtbegin?.o(.ctors)
 *(EXCLUDE_FILE(*crtend.o *crtend?.o) .ctors)
 *(SORT_BY_NAME(.ctors.*))
 *(.ctors)
 *crtbegin.o(.dtors)
 *crtbegin?.o(.dtors)
 *(EXCLUDE_FILE(*crtend.o *crtend?.o) .dtors)
 *(SORT_BY_NAME(.dtors.*))
 *(.dtors)
 *(.rodata*)
 .rodata.m_board_led_list
                0x00000000000148e4        0x4 _build/nrf52832_xxaa/boards.c.o
 .rodata.m_detection_delay_timer_id
                0x00000000000148e8        0x4 _build/nrf52832_xxaa/app_button.c.o
 .rodata.pwr_mgmt_data
                0x00000000000148ec        0xc _build/nrf52832_xxaa/nrf_pwr_mgmt.c.o
 .rodata.app_buttons
                0x00000000000148f8       0x20 _build/nrf52832_xxaa/bsp.c.o
 .rodata.m_alert_timer_id
                0x0000000000014918        0x4 _build/nrf52832_xxaa/bsp.c.o
 .rodata.m_button_timer_id
                0x000000000001491c        0x4 _build/nrf52832_xxaa/bsp.c.o
 .rodata.m_leds_timer_id
                0x0000000000014920        0x4 _build/nrf52832_xxaa/bsp.c.o
 .rodata        0x0000000000014924        0x4 _build/nrf52832_xxaa/nrf_sdh.c.o
 .rodata.nrf_sdh_enable_request.str1.4
                0x0000000000014928       0x28 _build/nrf52832_xxaa/nrf_sdh.c.o
 .rodata.sdh_req_observers
                0x0000000000014950        0xc _build/nrf52832_xxaa/nrf_sdh.c.o
 .rodata.sdh_stack_observers
                0x000000000001495c        0xc _build/nrf52832_xxaa/nrf_sdh.c.o
 .rodata.sdh_state_observers
                0x0000000000014968        0xc _build/nrf52832_xxaa/nrf_sdh.c.o
 .rodata        0x0000000000014974        0xc _build/nrf52832_xxaa/nrf_sdh_ant.c.o
 .rodata.sdh_ant_observers
                0x0000000000014980        0xc _build/nrf52832_xxaa/nrf_sdh_ant.c.o
 .rodata.sdh_soc_observers
                0x000000000001498c        0xc _build/nrf52832_xxaa/nrf_sdh_soc.c.o
 .rodata._global_impure_ptr
                0x0000000000014998        0x4 /usr/local/gcc-arm-none-eabi-7-2017-q4-major/bin/../lib/gcc/arm-none-eabi/7.2.1/../../../../arm-none-eabi/lib/thumb/v7e-m/fpv4-sp/hard/libc_nano.a(lib_a-impure.o)
                0x0000000000014998                _global_impure_ptr
 *(.eh_frame*)
 .eh_frame      0x000000000001499c        0x0 /usr/local/gcc-arm-none-eabi-7-2017-q4-major/bin/../lib/gcc/arm-none-eabi/7.2.1/thumb/v7e-m/fpv4-sp/hard/crtbegin.o
 .eh_frame      0x000000000001499c        0x4 /usr/local/gcc-arm-none-eabi-7-2017-q4-major/bin/../lib/gcc/arm-none-eabi/7.2.1/thumb/v7e-m/fpv4-sp/hard/crtend.o

.glue_7         0x00000000000149a0        0x0
 .glue_7        0x00000000000149a0        0x0 linker stubs

.glue_7t        0x00000000000149a0        0x0
 .glue_7t       0x00000000000149a0        0x0 linker stubs

.vfp11_veneer   0x00000000000149a0        0x0
 .vfp11_veneer  0x00000000000149a0        0x0 linker stubs

.v4_bx          0x00000000000149a0        0x0
 .v4_bx         0x00000000000149a0        0x0 linker stubs

.iplt           0x00000000000149a0        0x0
 .iplt          0x00000000000149a0        0x0 /usr/local/gcc-arm-none-eabi-7-2017-q4-major/bin/../lib/gcc/arm-none-eabi/7.2.1/thumb/v7e-m/fpv4-sp/hard/crtbegin.o

.mem_section_dummy_rom

.sdh_soc_observers
                0x00000000000149a0        0x0
                0x00000000000149a0                PROVIDE (__start_sdh_soc_observers, .)
 *(SORT_BY_NAME(.sdh_soc_observers*))
                0x00000000000149a0                PROVIDE (__stop_sdh_soc_observers, .)

.sdh_ant_observers
                0x00000000000149a0        0x8
                0x00000000000149a0                PROVIDE (__start_sdh_ant_observers, .)
 *(SORT_BY_NAME(.sdh_ant_observers*))
 .sdh_ant_observers1
                0x00000000000149a0        0x8 _build/nrf52832_xxaa/ant_io_tx.c.o
                0x00000000000149a8                PROVIDE (__stop_sdh_ant_observers, .)

.pwr_mgmt_data  0x00000000000149a8        0x0
                0x00000000000149a8                PROVIDE (__start_pwr_mgmt_data, .)
 *(SORT_BY_NAME(.pwr_mgmt_data*))
                0x00000000000149a8                PROVIDE (__stop_pwr_mgmt_data, .)

.log_const_data
                0x00000000000149a8        0x0
                [!provide]                        PROVIDE (__start_log_const_data, .)
 *(SORT_BY_NAME(.log_const_data*))
                [!provide]                        PROVIDE (__stop_log_const_data, .)

.sdh_req_observers
                0x00000000000149a8        0x0
                0x00000000000149a8                PROVIDE (__start_sdh_req_observers, .)
 *(SORT_BY_NAME(.sdh_req_observers*))
                0x00000000000149a8                PROVIDE (__stop_sdh_req_observers, .)

.sdh_state_observers
                0x00000000000149a8        0x0
                0x00000000000149a8                PROVIDE (__start_sdh_state_observers, .)
 *(SORT_BY_NAME(.sdh_state_observers*))
                0x00000000000149a8                PROVIDE (__stop_sdh_state_observers, .)

.sdh_stack_observers
                0x00000000000149a8       0x10
                0x00000000000149a8                PROVIDE (__start_sdh_stack_observers, .)
 *(SORT_BY_NAME(.sdh_stack_observers*))
 .sdh_stack_observers0
                0x00000000000149a8        0x8 _build/nrf52832_xxaa/nrf_sdh_ant.c.o
 .sdh_stack_observers0
                0x00000000000149b0        0x8 _build/nrf52832_xxaa/nrf_sdh_soc.c.o
                0x00000000000149b8                PROVIDE (__stop_sdh_stack_observers, .)

.ARM.extab
 *(.ARM.extab* .gnu.linkonce.armextab.*)
                0x00000000000149b8                __exidx_start = .

.ARM.exidx      0x00000000000149b8        0x8
 *(.ARM.exidx* .gnu.linkonce.armexidx.*)
 .ARM.exidx     0x00000000000149b8        0x8 /usr/local/gcc-arm-none-eabi-7-2017-q4-major/bin/../lib/gcc/arm-none-eabi/7.2.1/../../../../arm-none-eabi/lib/thumb/v7e-m/fpv4-sp/hard/crt0.o
 .ARM.exidx     0x00000000000149c0        0x0 /usr/local/gcc-arm-none-eabi-7-2017-q4-major/bin/../lib/gcc/arm-none-eabi/7.2.1/thumb/v7e-m/fpv4-sp/hard/libgcc.a(_udivmoddi4.o)
                                          0x8 (size before relaxing)
                0x00000000000149c0                __exidx_end = .
                0x00000000000149c0                __etext = .

.rel.dyn        0x00000000000149c0        0x0
 .rel.iplt      0x00000000000149c0        0x0 /usr/local/gcc-arm-none-eabi-7-2017-q4-major/bin/../lib/gcc/arm-none-eabi/7.2.1/thumb/v7e-m/fpv4-sp/hard/crtbegin.o

.data           0x0000000020000b80       0x6c load address 0x00000000000149c0
                0x0000000020000b80                __data_start__ = .
 *(vtable)
 *(.data*)
 .data.SystemCoreClock
                0x0000000020000b80        0x4 _build/nrf52832_xxaa/system_nrf52.c.o
                0x0000000020000b80                SystemCoreClock
 .data.impure_data
                0x0000000020000b84       0x60 /usr/local/gcc-arm-none-eabi-7-2017-q4-major/bin/../lib/gcc/arm-none-eabi/7.2.1/../../../../arm-none-eabi/lib/thumb/v7e-m/fpv4-sp/hard/libc_nano.a(lib_a-impure.o)
                0x0000000020000be4                . = ALIGN (0x4)
                0x0000000020000be4                PROVIDE (__preinit_array_start, .)
 *(.preinit_array)
                0x0000000020000be4                PROVIDE (__preinit_array_end, .)
                0x0000000020000be4                . = ALIGN (0x4)
                0x0000000020000be4                PROVIDE (__init_array_start, .)
 *(SORT_BY_NAME(.init_array.*))
 *(.init_array)
 .init_array    0x0000000020000be4        0x4 /usr/local/gcc-arm-none-eabi-7-2017-q4-major/bin/../lib/gcc/arm-none-eabi/7.2.1/thumb/v7e-m/fpv4-sp/hard/crtbegin.o
                0x0000000020000be8                PROVIDE (__init_array_end, .)
                0x0000000020000be8                . = ALIGN (0x4)
                [!provide]                        PROVIDE (__fini_array_start, .)
 *(SORT_BY_NAME(.fini_array.*))
 *(.fini_array)
 .fini_array    0x0000000020000be8        0x4 /usr/local/gcc-arm-none-eabi-7-2017-q4-major/bin/../lib/gcc/arm-none-eabi/7.2.1/thumb/v7e-m/fpv4-sp/hard/crtbegin.o
                [!provide]                        PROVIDE (__fini_array_end, .)
 *(.jcr*)
                0x0000000020000bec                . = ALIGN (0x4)
                0x0000000020000bec                __data_end__ = .
LOAD /usr/local/gcc-arm-none-eabi-7-2017-q4-major/bin/../lib/gcc/arm-none-eabi/7.2.1/thumb/v7e-m/fpv4-sp/hard/crti.o
LOAD /usr/local/gcc-arm-none-eabi-7-2017-q4-major/bin/../lib/gcc/arm-none-eabi/7.2.1/thumb/v7e-m/fpv4-sp/hard/crtbegin.o
LOAD /usr/local/gcc-arm-none-eabi-7-2017-q4-major/bin/../lib/gcc/arm-none-eabi/7.2.1/../../../../arm-none-eabi/lib/thumb/v7e-m/fpv4-sp/hard/crt0.o
LOAD _build/nrf52832_xxaa/nrf_log_frontend.c.o
LOAD _build/nrf52832_xxaa/boards.c.o
LOAD _build/nrf52832_xxaa/app_button.c.o
LOAD _build/nrf52832_xxaa/app_error.c.o
LOAD _build/nrf52832_xxaa/app_error_weak.c.o
LOAD _build/nrf52832_xxaa/app_scheduler.c.o
LOAD _build/nrf52832_xxaa/app_timer.c.o
LOAD _build/nrf52832_xxaa/app_util_platform.c.o
LOAD _build/nrf52832_xxaa/hardfault_handler_gcc.c.o
LOAD _build/nrf52832_xxaa/hardfault_implementation.c.o
LOAD _build/nrf52832_xxaa/nrf_assert.c.o
LOAD _build/nrf52832_xxaa/nrf_balloc.c.o
LOAD _build/nrf52832_xxaa/nrf_memobj.c.o
LOAD _build/nrf52832_xxaa/nrf_pwr_mgmt.c.o
LOAD _build/nrf52832_xxaa/nrf_section_iter.c.o
LOAD _build/nrf52832_xxaa/nrf_strerror.c.o
LOAD _build/nrf52832_xxaa/nrf_drv_common.c.o
LOAD _build/nrf52832_xxaa/nrf_drv_gpiote.c.o
LOAD _build/nrf52832_xxaa/ant_channel_config.c.o
LOAD _build/nrf52832_xxaa/ant_search_config.c.o
LOAD _build/nrf52832_xxaa/bsp.c.o
LOAD _build/nrf52832_xxaa/bsp_nfc.c.o
LOAD _build/nrf52832_xxaa/ant_io_tx.c.o
LOAD _build/nrf52832_xxaa/main.c.o
LOAD _build/nrf52832_xxaa/gcc_startup_nrf52.S.o
LOAD _build/nrf52832_xxaa/system_nrf52.c.o
LOAD _build/nrf52832_xxaa/nrf_sdh.c.o
LOAD _build/nrf52832_xxaa/nrf_sdh_ant.c.o
LOAD _build/nrf52832_xxaa/nrf_sdh_soc.c.o
LOAD /usr/local/gcc-arm-none-eabi-7-2017-q4-major/bin/../lib/gcc/arm-none-eabi/7.2.1/../../../../arm-none-eabi/lib/thumb/v7e-m/fpv4-sp/hard/libc_nano.a
LOAD /usr/local/gcc-arm-none-eabi-7-2017-q4-major/bin/../lib/gcc/arm-none-eabi/7.2.1/../../../../arm-none-eabi/lib/thumb/v7e-m/fpv4-sp/hard/libnosys.a
LOAD /usr/local/gcc-arm-none-eabi-7-2017-q4-major/bin/../lib/gcc/arm-none-eabi/7.2.1/../../../../arm-none-eabi/lib/thumb/v7e-m/fpv4-sp/hard/libm.a
START GROUP
LOAD /usr/local/gcc-arm-none-eabi-7-2017-q4-major/bin/../lib/gcc/arm-none-eabi/7.2.1/thumb/v7e-m/fpv4-sp/hard/libgcc.a
LOAD /usr/local/gcc-arm-none-eabi-7-2017-q4-major/bin/../lib/gcc/arm-none-eabi/7.2.1/../../../../arm-none-eabi/lib/thumb/v7e-m/fpv4-sp/hard/libg_nano.a
LOAD /usr/local/gcc-arm-none-eabi-7-2017-q4-major/bin/../lib/gcc/arm-none-eabi/7.2.1/../../../../arm-none-eabi/lib/thumb/v7e-m/fpv4-sp/hard/libc_nano.a
END GROUP
START GROUP
LOAD /usr/local/gcc-arm-none-eabi-7-2017-q4-major/bin/../lib/gcc/arm-none-eabi/7.2.1/thumb/v7e-m/fpv4-sp/hard/libgcc.a
LOAD /usr/local/gcc-arm-none-eabi-7-2017-q4-major/bin/../lib/gcc/arm-none-eabi/7.2.1/../../../../arm-none-eabi/lib/thumb/v7e-m/fpv4-sp/hard/libc_nano.a
END GROUP
LOAD /usr/local/gcc-arm-none-eabi-7-2017-q4-major/bin/../lib/gcc/arm-none-eabi/7.2.1/thumb/v7e-m/fpv4-sp/hard/crtend.o
LOAD /usr/local/gcc-arm-none-eabi-7-2017-q4-major/bin/../lib/gcc/arm-none-eabi/7.2.1/thumb/v7e-m/fpv4-sp/hard/crtn.o
START GROUP
LOAD /usr/local/gcc-arm-none-eabi-7-2017-q4-major/bin/../lib/gcc/arm-none-eabi/7.2.1/thumb/v7e-m/fpv4-sp/hard/libgcc.a
LOAD /usr/local/gcc-arm-none-eabi-7-2017-q4-major/bin/../lib/gcc/arm-none-eabi/7.2.1/../../../../arm-none-eabi/lib/thumb/v7e-m/fpv4-sp/hard/libc.a
LOAD /usr/local/gcc-arm-none-eabi-7-2017-q4-major/bin/../lib/gcc/arm-none-eabi/7.2.1/../../../../arm-none-eabi/lib/thumb/v7e-m/fpv4-sp/hard/libnosys.a
END GROUP

.igot.plt       0x0000000020000bec        0x0 load address 0x0000000000014a2c
 .igot.plt      0x0000000020000bec        0x0 /usr/local/gcc-arm-none-eabi-7-2017-q4-major/bin/../lib/gcc/arm-none-eabi/7.2.1/thumb/v7e-m/fpv4-sp/hard/crtbegin.o
                0x0000000020000bec                . = ALIGN (0x4)

.mem_section_dummy_ram

.log_dynamic_data
                0x0000000020000bec        0x0
                [!provide]                        PROVIDE (__start_log_dynamic_data, .)
 *(SORT_BY_NAME(.log_dynamic_data*))
                [!provide]                        PROVIDE (__stop_log_dynamic_data, .)

.bss            0x0000000020000bec      0x2fc load address 0x0000000000014a2c
                0x0000000020000bec                . = ALIGN (0x4)
                0x0000000020000bec                __bss_start__ = .
 *(.bss*)
 .bss           0x0000000020000bec       0x1c /usr/local/gcc-arm-none-eabi-7-2017-q4-major/bin/../lib/gcc/arm-none-eabi/7.2.1/thumb/v7e-m/fpv4-sp/hard/crtbegin.o
 .bss.m_button_count
                0x0000000020000c08        0x1 _build/nrf52832_xxaa/app_button.c.o
 *fill*         0x0000000020000c09        0x3 
 .bss.m_detection_delay
                0x0000000020000c0c        0x4 _build/nrf52832_xxaa/app_button.c.o
 .bss.m_detection_delay_timer_id_data
                0x0000000020000c10       0x20 _build/nrf52832_xxaa/app_button.c.o
 .bss.m_pin_state
                0x0000000020000c30        0x4 _build/nrf52832_xxaa/app_button.c.o
 .bss.m_pin_transition
                0x0000000020000c34        0x4 _build/nrf52832_xxaa/app_button.c.o
 .bss.mp_buttons
                0x0000000020000c38        0x4 _build/nrf52832_xxaa/app_button.c.o
 .bss.m_op_queue
                0x0000000020000c3c      0x10c _build/nrf52832_xxaa/app_timer.c.o
 .bss.m_rtc1_reset
                0x0000000020000d48        0x1 _build/nrf52832_xxaa/app_timer.c.o
 .bss.m_rtc1_running
                0x0000000020000d49        0x1 _build/nrf52832_xxaa/app_timer.c.o
 *fill*         0x0000000020000d4a        0x2 
 .bss.m_ticks_elapsed
                0x0000000020000d4c        0x8 _build/nrf52832_xxaa/app_timer.c.o
 .bss.m_ticks_elapsed_q_read_ind
                0x0000000020000d54        0x1 _build/nrf52832_xxaa/app_timer.c.o
 .bss.m_ticks_elapsed_q_write_ind
                0x0000000020000d55        0x1 _build/nrf52832_xxaa/app_timer.c.o
 *fill*         0x0000000020000d56        0x2 
 .bss.m_ticks_latest
                0x0000000020000d58        0x4 _build/nrf52832_xxaa/app_timer.c.o
 .bss.mp_timer_id_head
                0x0000000020000d5c        0x4 _build/nrf52832_xxaa/app_timer.c.o
 .bss.m_handlers_iter
                0x0000000020000d60        0x8 _build/nrf52832_xxaa/nrf_pwr_mgmt.c.o
 .bss.m_shutdown_started
                0x0000000020000d68        0x1 _build/nrf52832_xxaa/nrf_pwr_mgmt.c.o
 *fill*         0x0000000020000d69        0x3 
 .bss.m_sysoff_mtx
                0x0000000020000d6c        0x4 _build/nrf52832_xxaa/nrf_pwr_mgmt.c.o
 .bss.m_cb      0x0000000020000d70       0x58 _build/nrf52832_xxaa/nrf_drv_gpiote.c.o
 .bss.current_long_push_pin_no.8635
                0x0000000020000dc8        0x1 _build/nrf52832_xxaa/bsp.c.o
 .bss.m_alert_on
                0x0000000020000dc9        0x1 _build/nrf52832_xxaa/bsp.c.o
 *fill*         0x0000000020000dca        0x2 
 .bss.m_alert_timer_id_data
                0x0000000020000dcc       0x20 _build/nrf52832_xxaa/bsp.c.o
 .bss.m_button_timer_id_data
                0x0000000020000dec       0x20 _build/nrf52832_xxaa/bsp.c.o
 .bss.m_events_list
                0x0000000020000e0c        0xc _build/nrf52832_xxaa/bsp.c.o
 .bss.m_indication_type
                0x0000000020000e18        0x4 _build/nrf52832_xxaa/bsp.c.o
 .bss.m_leds_clear
                0x0000000020000e1c        0x1 _build/nrf52832_xxaa/bsp.c.o
 *fill*         0x0000000020000e1d        0x3 
 .bss.m_leds_timer_id_data
                0x0000000020000e20       0x20 _build/nrf52832_xxaa/bsp.c.o
 .bss.m_registered_callback
                0x0000000020000e40        0x4 _build/nrf52832_xxaa/bsp.c.o
 .bss.m_stable_state
                0x0000000020000e44        0x1 _build/nrf52832_xxaa/bsp.c.o
 *fill*         0x0000000020000e45        0x3 
 .bss.release_event_at_push.8636
                0x0000000020000e48        0x4 _build/nrf52832_xxaa/bsp.c.o
 .bss.cnt.9443  0x0000000020000e4c        0x1 _build/nrf52832_xxaa/ant_io_tx.c.o
 .bss.count     0x0000000020000e4d        0x1 _build/nrf52832_xxaa/ant_io_tx.c.o
 *fill*         0x0000000020000e4e        0x2 
 .bss.m_broadcast_data
                0x0000000020000e50        0x8 _build/nrf52832_xxaa/ant_io_tx.c.o
 .bss.m_nrf_sdh_continue
                0x0000000020000e58        0x1 _build/nrf52832_xxaa/nrf_sdh.c.o
 .bss.m_nrf_sdh_enabled
                0x0000000020000e59        0x1 _build/nrf52832_xxaa/nrf_sdh.c.o
 .bss.m_nrf_sdh_suspended
                0x0000000020000e5a        0x1 _build/nrf52832_xxaa/nrf_sdh.c.o
 *fill*         0x0000000020000e5b        0x1 
 .bss.m_ant_stack_buffer
                0x0000000020000e5c       0x80 _build/nrf52832_xxaa/nrf_sdh_ant.c.o
 *(COMMON)
 COMMON         0x0000000020000edc        0xc _build/nrf52832_xxaa/app_util_platform.c.o
                0x0000000020000edc                nrf_nvic_state
                0x0000000020000ee8                . = ALIGN (0x4)
                0x0000000020000ee8                __bss_end__ = .

.heap           0x0000000020000ee8     0x2000
                0x0000000020000ee8                __HeapBase = .
                0x0000000020000ee8                __end__ = .
                [!provide]                        PROVIDE (end, .)
 *(.heap*)
 .heap          0x0000000020000ee8     0x2000 _build/nrf52832_xxaa/gcc_startup_nrf52.S.o
                0x0000000020002ee8                __HeapLimit = .

.stack_dummy    0x0000000020000ee8     0x2000
 *(.stack*)
 .stack         0x0000000020000ee8     0x2000 _build/nrf52832_xxaa/gcc_startup_nrf52.S.o
                0x0000000020010000                __StackTop = (ORIGIN (RAM) + LENGTH (RAM))
                0x000000002000e000                __StackLimit = (__StackTop - SIZEOF (.stack_dummy))
                0x0000000020010000                PROVIDE (__stack, __StackTop)
                0x0000000000000001                ASSERT ((__StackLimit >= __HeapLimit), region RAM overflowed with stack)
                0x000000000000006c                DataInitFlashUsed = (__bss_start__ - __data_start__)
                0x00000000000029c0                CodeFlashUsed = (__etext - ORIGIN (FLASH))
                0x0000000000002a2c                TotalFlashUsed = (CodeFlashUsed + DataInitFlashUsed)
                0x0000000000000001                ASSERT ((TotalFlashUsed <= LENGTH (FLASH)), region FLASH overflowed with .data and user data)
OUTPUT(_build/nrf52832_xxaa.out elf32-littlearm)

.ARM.attributes
                0x0000000000000000       0x30
 .ARM.attributes
                0x0000000000000000       0x22 /usr/local/gcc-arm-none-eabi-7-2017-q4-major/bin/../lib/gcc/arm-none-eabi/7.2.1/thumb/v7e-m/fpv4-sp/hard/crti.o
 .ARM.attributes
                0x0000000000000022       0x34 /usr/local/gcc-arm-none-eabi-7-2017-q4-major/bin/../lib/gcc/arm-none-eabi/7.2.1/thumb/v7e-m/fpv4-sp/hard/crtbegin.o
 .ARM.attributes
                0x0000000000000056       0x20 /usr/local/gcc-arm-none-eabi-7-2017-q4-major/bin/../lib/gcc/arm-none-eabi/7.2.1/../../../../arm-none-eabi/lib/thumb/v7e-m/fpv4-sp/hard/crt0.o
 .ARM.attributes
                0x0000000000000076       0x39 _build/nrf52832_xxaa/boards.c.o
 .ARM.attributes
                0x00000000000000af       0x39 _build/nrf52832_xxaa/app_button.c.o
 .ARM.attributes
                0x00000000000000e8       0x39 _build/nrf52832_xxaa/app_error.c.o
 .ARM.attributes
                0x0000000000000121       0x39 _build/nrf52832_xxaa/app_error_weak.c.o
 .ARM.attributes
                0x000000000000015a       0x39 _build/nrf52832_xxaa/app_timer.c.o
 .ARM.attributes
                0x0000000000000193       0x39 _build/nrf52832_xxaa/app_util_platform.c.o
 .ARM.attributes
                0x00000000000001cc       0x39 _build/nrf52832_xxaa/hardfault_handler_gcc.c.o
 .ARM.attributes
                0x0000000000000205       0x39 _build/nrf52832_xxaa/hardfault_implementation.c.o
 .ARM.attributes
                0x000000000000023e       0x39 _build/nrf52832_xxaa/nrf_pwr_mgmt.c.o
 .ARM.attributes
                0x0000000000000277       0x39 _build/nrf52832_xxaa/nrf_section_iter.c.o
 .ARM.attributes
                0x00000000000002b0       0x39 _build/nrf52832_xxaa/nrf_drv_common.c.o
 .ARM.attributes
                0x00000000000002e9       0x39 _build/nrf52832_xxaa/nrf_drv_gpiote.c.o
 .ARM.attributes
                0x0000000000000322       0x39 _build/nrf52832_xxaa/ant_channel_config.c.o
 .ARM.attributes
                0x000000000000035b       0x39 _build/nrf52832_xxaa/bsp.c.o
 .ARM.attributes
                0x0000000000000394       0x39 _build/nrf52832_xxaa/ant_io_tx.c.o
 .ARM.attributes
                0x00000000000003cd       0x39 _build/nrf52832_xxaa/main.c.o
 .ARM.attributes
                0x0000000000000406       0x20 _build/nrf52832_xxaa/gcc_startup_nrf52.S.o
 .ARM.attributes
                0x0000000000000426       0x39 _build/nrf52832_xxaa/system_nrf52.c.o
 .ARM.attributes
                0x000000000000045f       0x39 _build/nrf52832_xxaa/nrf_sdh.c.o
 .ARM.attributes
                0x0000000000000498       0x39 _build/nrf52832_xxaa/nrf_sdh_ant.c.o
 .ARM.attributes
                0x00000000000004d1       0x39 _build/nrf52832_xxaa/nrf_sdh_soc.c.o
 .ARM.attributes
                0x000000000000050a       0x34 /usr/local/gcc-arm-none-eabi-7-2017-q4-major/bin/../lib/gcc/arm-none-eabi/7.2.1/../../../../arm-none-eabi/lib/thumb/v7e-m/fpv4-sp/hard/libc_nano.a(lib_a-exit.o)
 .ARM.attributes
                0x000000000000053e       0x34 /usr/local/gcc-arm-none-eabi-7-2017-q4-major/bin/../lib/gcc/arm-none-eabi/7.2.1/../../../../arm-none-eabi/lib/thumb/v7e-m/fpv4-sp/hard/libc_nano.a(lib_a-impure.o)
 .ARM.attributes
                0x0000000000000572       0x34 /usr/local/gcc-arm-none-eabi-7-2017-q4-major/bin/../lib/gcc/arm-none-eabi/7.2.1/../../../../arm-none-eabi/lib/thumb/v7e-m/fpv4-sp/hard/libc_nano.a(lib_a-init.o)
 .ARM.attributes
                0x00000000000005a6       0x34 /usr/local/gcc-arm-none-eabi-7-2017-q4-major/bin/../lib/gcc/arm-none-eabi/7.2.1/../../../../arm-none-eabi/lib/thumb/v7e-m/fpv4-sp/hard/libc_nano.a(lib_a-memset.o)
 .ARM.attributes
                0x00000000000005da       0x34 /usr/local/gcc-arm-none-eabi-7-2017-q4-major/bin/../lib/gcc/arm-none-eabi/7.2.1/../../../../arm-none-eabi/lib/thumb/v7e-m/fpv4-sp/hard/libnosys.a(_exit.o)
 .ARM.attributes
                0x000000000000060e       0x22 /usr/local/gcc-arm-none-eabi-7-2017-q4-major/bin/../lib/gcc/arm-none-eabi/7.2.1/thumb/v7e-m/fpv4-sp/hard/libgcc.a(_aeabi_uldivmod.o)
 .ARM.attributes
                0x0000000000000630       0x34 /usr/local/gcc-arm-none-eabi-7-2017-q4-major/bin/../lib/gcc/arm-none-eabi/7.2.1/thumb/v7e-m/fpv4-sp/hard/libgcc.a(_udivmoddi4.o)
 .ARM.attributes
                0x0000000000000664       0x22 /usr/local/gcc-arm-none-eabi-7-2017-q4-major/bin/../lib/gcc/arm-none-eabi/7.2.1/thumb/v7e-m/fpv4-sp/hard/libgcc.a(_dvmd_tls.o)
 .ARM.attributes
                0x0000000000000686       0x34 /usr/local/gcc-arm-none-eabi-7-2017-q4-major/bin/../lib/gcc/arm-none-eabi/7.2.1/thumb/v7e-m/fpv4-sp/hard/crtend.o
 .ARM.attributes
                0x00000000000006ba       0x22 /usr/local/gcc-arm-none-eabi-7-2017-q4-major/bin/../lib/gcc/arm-none-eabi/7.2.1/thumb/v7e-m/fpv4-sp/hard/crtn.o

.comment        0x0000000000000000       0x7e
 .comment       0x0000000000000000       0x7e _build/nrf52832_xxaa/boards.c.o
                                         0x7f (size before relaxing)
 .comment       0x000000000000007e       0x7f _build/nrf52832_xxaa/app_button.c.o
 .comment       0x000000000000007e       0x7f _build/nrf52832_xxaa/app_error.c.o
 .comment       0x000000000000007e       0x7f _build/nrf52832_xxaa/app_error_weak.c.o
 .comment       0x000000000000007e       0x7f _build/nrf52832_xxaa/app_timer.c.o
 .comment       0x000000000000007e       0x7f _build/nrf52832_xxaa/app_util_platform.c.o
 .comment       0x000000000000007e       0x7f _build/nrf52832_xxaa/hardfault_handler_gcc.c.o
 .comment       0x000000000000007e       0x7f _build/nrf52832_xxaa/hardfault_implementation.c.o
 .comment       0x000000000000007e       0x7f _build/nrf52832_xxaa/nrf_pwr_mgmt.c.o
 .comment       0x000000000000007e       0x7f _build/nrf52832_xxaa/nrf_section_iter.c.o
 .comment       0x000000000000007e       0x7f _build/nrf52832_xxaa/nrf_drv_common.c.o
 .comment       0x000000000000007e       0x7f _build/nrf52832_xxaa/nrf_drv_gpiote.c.o
 .comment       0x000000000000007e       0x7f _build/nrf52832_xxaa/ant_channel_config.c.o
 .comment       0x000000000000007e       0x7f _build/nrf52832_xxaa/bsp.c.o
 .comment       0x000000000000007e       0x7f _build/nrf52832_xxaa/ant_io_tx.c.o
 .comment       0x000000000000007e       0x7f _build/nrf52832_xxaa/main.c.o
 .comment       0x000000000000007e       0x7f _build/nrf52832_xxaa/system_nrf52.c.o
 .comment       0x000000000000007e       0x7f _build/nrf52832_xxaa/nrf_sdh.c.o
 .comment       0x000000000000007e       0x7f _build/nrf52832_xxaa/nrf_sdh_ant.c.o
 .comment       0x000000000000007e       0x7f _build/nrf52832_xxaa/nrf_sdh_soc.c.o

.debug_info     0x0000000000000000    0x181aa
 .debug_info    0x0000000000000000     0x1405 _build/nrf52832_xxaa/boards.c.o
 .debug_info    0x0000000000001405      0xe40 _build/nrf52832_xxaa/app_button.c.o
 .debug_info    0x0000000000002245      0xb58 _build/nrf52832_xxaa/app_error.c.o
 .debug_info    0x0000000000002d9d      0xc52 _build/nrf52832_xxaa/app_error_weak.c.o
 .debug_info    0x00000000000039ef     0x2371 _build/nrf52832_xxaa/app_timer.c.o
 .debug_info    0x0000000000005d60     0x11a0 _build/nrf52832_xxaa/app_util_platform.c.o
 .debug_info    0x0000000000006f00      0x901 _build/nrf52832_xxaa/hardfault_handler_gcc.c.o
 .debug_info    0x0000000000007801      0xca0 _build/nrf52832_xxaa/hardfault_implementation.c.o
 .debug_info    0x00000000000084a1     0x1a52 _build/nrf52832_xxaa/nrf_pwr_mgmt.c.o
 .debug_info    0x0000000000009ef3      0xa12 _build/nrf52832_xxaa/nrf_section_iter.c.o
 .debug_info    0x000000000000a905      0xe56 _build/nrf52832_xxaa/nrf_drv_common.c.o
 .debug_info    0x000000000000b75b     0x3048 _build/nrf52832_xxaa/nrf_drv_gpiote.c.o
 .debug_info    0x000000000000e7a3      0xceb _build/nrf52832_xxaa/ant_channel_config.c.o
 .debug_info    0x000000000000f48e     0x1fdf _build/nrf52832_xxaa/bsp.c.o
 .debug_info    0x000000000001146d     0x1448 _build/nrf52832_xxaa/ant_io_tx.c.o
 .debug_info    0x00000000000128b5      0xc0e _build/nrf52832_xxaa/main.c.o
 .debug_info    0x00000000000134c3       0x26 _build/nrf52832_xxaa/gcc_startup_nrf52.S.o
 .debug_info    0x00000000000134e9      0xe67 _build/nrf52832_xxaa/system_nrf52.c.o
 .debug_info    0x0000000000014350     0x1fd0 _build/nrf52832_xxaa/nrf_sdh.c.o
 .debug_info    0x0000000000016320     0x1125 _build/nrf52832_xxaa/nrf_sdh_ant.c.o
 .debug_info    0x0000000000017445      0xd65 _build/nrf52832_xxaa/nrf_sdh_soc.c.o

.debug_abbrev   0x0000000000000000     0x3d5e
 .debug_abbrev  0x0000000000000000      0x384 _build/nrf52832_xxaa/boards.c.o
 .debug_abbrev  0x0000000000000384      0x2b5 _build/nrf52832_xxaa/app_button.c.o
 .debug_abbrev  0x0000000000000639      0x235 _build/nrf52832_xxaa/app_error.c.o
 .debug_abbrev  0x000000000000086e      0x21c _build/nrf52832_xxaa/app_error_weak.c.o
 .debug_abbrev  0x0000000000000a8a      0x479 _build/nrf52832_xxaa/app_timer.c.o
 .debug_abbrev  0x0000000000000f03      0x381 _build/nrf52832_xxaa/app_util_platform.c.o
 .debug_abbrev  0x0000000000001284      0x1b1 _build/nrf52832_xxaa/hardfault_handler_gcc.c.o
 .debug_abbrev  0x0000000000001435      0x224 _build/nrf52832_xxaa/hardfault_implementation.c.o
 .debug_abbrev  0x0000000000001659      0x457 _build/nrf52832_xxaa/nrf_pwr_mgmt.c.o
 .debug_abbrev  0x0000000000001ab0      0x1da _build/nrf52832_xxaa/nrf_section_iter.c.o
 .debug_abbrev  0x0000000000001c8a      0x287 _build/nrf52832_xxaa/nrf_drv_common.c.o
 .debug_abbrev  0x0000000000001f11      0x50b _build/nrf52832_xxaa/nrf_drv_gpiote.c.o
 .debug_abbrev  0x000000000000241c      0x273 _build/nrf52832_xxaa/ant_channel_config.c.o
 .debug_abbrev  0x000000000000268f      0x4ad _build/nrf52832_xxaa/bsp.c.o
 .debug_abbrev  0x0000000000002b3c      0x379 _build/nrf52832_xxaa/ant_io_tx.c.o
 .debug_abbrev  0x0000000000002eb5      0x240 _build/nrf52832_xxaa/main.c.o
 .debug_abbrev  0x00000000000030f5       0x14 _build/nrf52832_xxaa/gcc_startup_nrf52.S.o
 .debug_abbrev  0x0000000000003109      0x1a1 _build/nrf52832_xxaa/system_nrf52.c.o
 .debug_abbrev  0x00000000000032aa      0x4ea _build/nrf52832_xxaa/nrf_sdh.c.o
 .debug_abbrev  0x0000000000003794      0x326 _build/nrf52832_xxaa/nrf_sdh_ant.c.o
 .debug_abbrev  0x0000000000003aba      0x2a4 _build/nrf52832_xxaa/nrf_sdh_soc.c.o

.debug_loc      0x0000000000000000     0x5711
 .debug_loc     0x0000000000000000      0x848 _build/nrf52832_xxaa/boards.c.o
 .debug_loc     0x0000000000000848      0x3c1 _build/nrf52832_xxaa/app_button.c.o
 .debug_loc     0x0000000000000c09      0x145 _build/nrf52832_xxaa/app_error.c.o
 .debug_loc     0x0000000000000d4e       0x42 _build/nrf52832_xxaa/app_error_weak.c.o
 .debug_loc     0x0000000000000d90      0xdd8 _build/nrf52832_xxaa/app_timer.c.o
 .debug_loc     0x0000000000001b68      0x112 _build/nrf52832_xxaa/app_util_platform.c.o
 .debug_loc     0x0000000000001c7a       0x21 _build/nrf52832_xxaa/hardfault_implementation.c.o
 .debug_loc     0x0000000000001c9b       0xf4 _build/nrf52832_xxaa/nrf_pwr_mgmt.c.o
 .debug_loc     0x0000000000001d8f       0xc3 _build/nrf52832_xxaa/nrf_drv_common.c.o
 .debug_loc     0x0000000000001e52     0x2465 _build/nrf52832_xxaa/nrf_drv_gpiote.c.o
 .debug_loc     0x00000000000042b7       0xd9 _build/nrf52832_xxaa/ant_channel_config.c.o
 .debug_loc     0x0000000000004390      0xb5e _build/nrf52832_xxaa/bsp.c.o
 .debug_loc     0x0000000000004eee      0x17d _build/nrf52832_xxaa/ant_io_tx.c.o
 .debug_loc     0x000000000000506b      0x120 _build/nrf52832_xxaa/main.c.o
 .debug_loc     0x000000000000518b      0x47d _build/nrf52832_xxaa/nrf_sdh.c.o
 .debug_loc     0x0000000000005608       0x95 _build/nrf52832_xxaa/nrf_sdh_ant.c.o
 .debug_loc     0x000000000000569d       0x74 _build/nrf52832_xxaa/nrf_sdh_soc.c.o

.debug_aranges  0x0000000000000000      0x5b0
 .debug_aranges
                0x0000000000000000       0x80 _build/nrf52832_xxaa/boards.c.o
 .debug_aranges
                0x0000000000000080       0x48 _build/nrf52832_xxaa/app_button.c.o
 .debug_aranges
                0x00000000000000c8       0x30 _build/nrf52832_xxaa/app_error.c.o
 .debug_aranges
                0x00000000000000f8       0x20 _build/nrf52832_xxaa/app_error_weak.c.o
 .debug_aranges
                0x0000000000000118       0x70 _build/nrf52832_xxaa/app_timer.c.o
 .debug_aranges
                0x0000000000000188       0x48 _build/nrf52832_xxaa/app_util_platform.c.o
 .debug_aranges
                0x00000000000001d0       0x20 _build/nrf52832_xxaa/hardfault_handler_gcc.c.o
 .debug_aranges
                0x00000000000001f0       0x28 _build/nrf52832_xxaa/hardfault_implementation.c.o
 .debug_aranges
                0x0000000000000218       0x48 _build/nrf52832_xxaa/nrf_pwr_mgmt.c.o
 .debug_aranges
                0x0000000000000260       0x28 _build/nrf52832_xxaa/nrf_section_iter.c.o
 .debug_aranges
                0x0000000000000288       0x20 _build/nrf52832_xxaa/nrf_drv_common.c.o
 .debug_aranges
                0x00000000000002a8       0xd8 _build/nrf52832_xxaa/nrf_drv_gpiote.c.o
 .debug_aranges
                0x0000000000000380       0x40 _build/nrf52832_xxaa/ant_channel_config.c.o
 .debug_aranges
                0x00000000000003c0       0x78 _build/nrf52832_xxaa/bsp.c.o
 .debug_aranges
                0x0000000000000438       0x40 _build/nrf52832_xxaa/ant_io_tx.c.o
 .debug_aranges
                0x0000000000000478       0x20 _build/nrf52832_xxaa/main.c.o
 .debug_aranges
                0x0000000000000498       0x20 _build/nrf52832_xxaa/gcc_startup_nrf52.S.o
 .debug_aranges
                0x00000000000004b8       0x28 _build/nrf52832_xxaa/system_nrf52.c.o
 .debug_aranges
                0x00000000000004e0       0x70 _build/nrf52832_xxaa/nrf_sdh.c.o
 .debug_aranges
                0x0000000000000550       0x38 _build/nrf52832_xxaa/nrf_sdh_ant.c.o
 .debug_aranges
                0x0000000000000588       0x28 _build/nrf52832_xxaa/nrf_sdh_soc.c.o

.debug_ranges   0x0000000000000000     0x1c50
 .debug_ranges  0x0000000000000000      0x178 _build/nrf52832_xxaa/boards.c.o
 .debug_ranges  0x0000000000000178       0x98 _build/nrf52832_xxaa/app_button.c.o
 .debug_ranges  0x0000000000000210       0x20 _build/nrf52832_xxaa/app_error.c.o
 .debug_ranges  0x0000000000000230       0x10 _build/nrf52832_xxaa/app_error_weak.c.o
 .debug_ranges  0x0000000000000240      0x570 _build/nrf52832_xxaa/app_timer.c.o
 .debug_ranges  0x00000000000007b0       0x80 _build/nrf52832_xxaa/app_util_platform.c.o
 .debug_ranges  0x0000000000000830       0x10 _build/nrf52832_xxaa/hardfault_handler_gcc.c.o
 .debug_ranges  0x0000000000000840       0x18 _build/nrf52832_xxaa/hardfault_implementation.c.o
 .debug_ranges  0x0000000000000858       0x80 _build/nrf52832_xxaa/nrf_pwr_mgmt.c.o
 .debug_ranges  0x00000000000008d8       0x18 _build/nrf52832_xxaa/nrf_section_iter.c.o
 .debug_ranges  0x00000000000008f0       0x30 _build/nrf52832_xxaa/nrf_drv_common.c.o
 .debug_ranges  0x0000000000000920      0xa58 _build/nrf52832_xxaa/nrf_drv_gpiote.c.o
 .debug_ranges  0x0000000000001378       0x30 _build/nrf52832_xxaa/ant_channel_config.c.o
 .debug_ranges  0x00000000000013a8      0x378 _build/nrf52832_xxaa/bsp.c.o
 .debug_ranges  0x0000000000001720       0x90 _build/nrf52832_xxaa/ant_io_tx.c.o
 .debug_ranges  0x00000000000017b0       0xc0 _build/nrf52832_xxaa/main.c.o
 .debug_ranges  0x0000000000001870      0x148 _build/nrf52832_xxaa/system_nrf52.c.o
 .debug_ranges  0x00000000000019b8      0x228 _build/nrf52832_xxaa/nrf_sdh.c.o
 .debug_ranges  0x0000000000001be0       0x40 _build/nrf52832_xxaa/nrf_sdh_ant.c.o
 .debug_ranges  0x0000000000001c20       0x30 _build/nrf52832_xxaa/nrf_sdh_soc.c.o

.debug_macro    0x0000000000000000     0x61c2
 .debug_macro   0x0000000000000000      0x2b4 _build/nrf52832_xxaa/boards.c.o
 .debug_macro   0x00000000000002b4       0x35 _build/nrf52832_xxaa/boards.c.o
 .debug_macro   0x00000000000002e9       0x22 _build/nrf52832_xxaa/boards.c.o
 .debug_macro   0x000000000000030b      0x372 _build/nrf52832_xxaa/boards.c.o
 .debug_macro   0x000000000000067d       0x16 _build/nrf52832_xxaa/boards.c.o
 .debug_macro   0x0000000000000693       0x97 _build/nrf52832_xxaa/boards.c.o
 .debug_macro   0x000000000000072a       0xf6 _build/nrf52832_xxaa/boards.c.o
 .debug_macro   0x0000000000000820       0x10 _build/nrf52832_xxaa/boards.c.o
 .debug_macro   0x0000000000000830       0x10 _build/nrf52832_xxaa/boards.c.o
 .debug_macro   0x0000000000000840       0xb6 _build/nrf52832_xxaa/boards.c.o
 .debug_macro   0x00000000000008f6       0x16 _build/nrf52832_xxaa/boards.c.o
 .debug_macro   0x000000000000090c      0x129 _build/nrf52832_xxaa/boards.c.o
 .debug_macro   0x0000000000000a35      0xafb _build/nrf52832_xxaa/boards.c.o
 .debug_macro   0x0000000000001530       0x5e _build/nrf52832_xxaa/boards.c.o
 .debug_macro   0x000000000000158e       0x2b _build/nrf52832_xxaa/boards.c.o
 .debug_macro   0x00000000000015b9       0x10 _build/nrf52832_xxaa/boards.c.o
 .debug_macro   0x00000000000015c9       0x16 _build/nrf52832_xxaa/boards.c.o
 .debug_macro   0x00000000000015df       0x22 _build/nrf52832_xxaa/boards.c.o
 .debug_macro   0x0000000000001601       0x16 _build/nrf52832_xxaa/boards.c.o
 .debug_macro   0x0000000000001617      0x164 _build/nrf52832_xxaa/boards.c.o
 .debug_macro   0x000000000000177b      0x115 _build/nrf52832_xxaa/boards.c.o
 .debug_macro   0x0000000000001890      0x330 _build/nrf52832_xxaa/app_button.c.o
 .debug_macro   0x0000000000001bc0       0x1c _build/nrf52832_xxaa/app_button.c.o
 .debug_macro   0x0000000000001bdc       0x1c _build/nrf52832_xxaa/app_button.c.o
 .debug_macro   0x0000000000001bf8       0x28 _build/nrf52832_xxaa/app_button.c.o
 .debug_macro   0x0000000000001c20       0x1f _build/nrf52832_xxaa/app_button.c.o
 .debug_macro   0x0000000000001c3f       0x30 _build/nrf52832_xxaa/app_button.c.o
 .debug_macro   0x0000000000001c6f      0x240 _build/nrf52832_xxaa/app_error.c.o
 .debug_macro   0x0000000000001eaf      0x39f _build/nrf52832_xxaa/app_error_weak.c.o
 .debug_macro   0x000000000000224e       0x16 _build/nrf52832_xxaa/app_error_weak.c.o
 .debug_macro   0x0000000000002264       0x31 _build/nrf52832_xxaa/app_error_weak.c.o
 .debug_macro   0x0000000000002295       0x10 _build/nrf52832_xxaa/app_error_weak.c.o
 .debug_macro   0x00000000000022a5      0x167 _build/nrf52832_xxaa/app_error_weak.c.o
 .debug_macro   0x000000000000240c       0x68 _build/nrf52832_xxaa/app_error_weak.c.o
 .debug_macro   0x0000000000002474       0x28 _build/nrf52832_xxaa/app_error_weak.c.o
 .debug_macro   0x000000000000249c       0x16 _build/nrf52832_xxaa/app_error_weak.c.o
 .debug_macro   0x00000000000024b2       0x40 _build/nrf52832_xxaa/app_error_weak.c.o
 .debug_macro   0x00000000000024f2       0x70 _build/nrf52832_xxaa/app_error_weak.c.o
 .debug_macro   0x0000000000002562       0x2e _build/nrf52832_xxaa/app_error_weak.c.o
 .debug_macro   0x0000000000002590       0x16 _build/nrf52832_xxaa/app_error_weak.c.o
 .debug_macro   0x00000000000025a6       0x7e _build/nrf52832_xxaa/app_error_weak.c.o
 .debug_macro   0x0000000000002624       0x8c _build/nrf52832_xxaa/app_error_weak.c.o
 .debug_macro   0x00000000000026b0       0x10 _build/nrf52832_xxaa/app_error_weak.c.o
 .debug_macro   0x00000000000026c0       0x1c _build/nrf52832_xxaa/app_error_weak.c.o
 .debug_macro   0x00000000000026dc       0x1c _build/nrf52832_xxaa/app_error_weak.c.o
 .debug_macro   0x00000000000026f8      0x114 _build/nrf52832_xxaa/app_error_weak.c.o
 .debug_macro   0x000000000000280c      0x35c _build/nrf52832_xxaa/app_timer.c.o
 .debug_macro   0x0000000000002b68       0x16 _build/nrf52832_xxaa/app_timer.c.o
 .debug_macro   0x0000000000002b7e      0x290 _build/nrf52832_xxaa/app_util_platform.c.o
 .debug_macro   0x0000000000002e0e      0x1f5 _build/nrf52832_xxaa/hardfault_handler_gcc.c.o
 .debug_macro   0x0000000000003003      0x399 _build/nrf52832_xxaa/hardfault_implementation.c.o
 .debug_macro   0x000000000000339c      0x161 _build/nrf52832_xxaa/hardfault_implementation.c.o
 .debug_macro   0x00000000000034fd       0x92 _build/nrf52832_xxaa/hardfault_implementation.c.o
 .debug_macro   0x000000000000358f      0x468 _build/nrf52832_xxaa/nrf_pwr_mgmt.c.o
 .debug_macro   0x00000000000039f7       0x11 _build/nrf52832_xxaa/nrf_pwr_mgmt.c.o
 .debug_macro   0x0000000000003a08       0x16 _build/nrf52832_xxaa/nrf_pwr_mgmt.c.o
 .debug_macro   0x0000000000003a1e       0x10 _build/nrf52832_xxaa/nrf_pwr_mgmt.c.o
 .debug_macro   0x0000000000003a2e       0x22 _build/nrf52832_xxaa/nrf_pwr_mgmt.c.o
 .debug_macro   0x0000000000003a50       0x30 _build/nrf52832_xxaa/nrf_pwr_mgmt.c.o
 .debug_macro   0x0000000000003a80      0x2bd _build/nrf52832_xxaa/nrf_section_iter.c.o
 .debug_macro   0x0000000000003d3d      0x304 _build/nrf52832_xxaa/nrf_drv_common.c.o
 .debug_macro   0x0000000000004041       0x22 _build/nrf52832_xxaa/nrf_drv_common.c.o
 .debug_macro   0x0000000000004063      0x3e2 _build/nrf52832_xxaa/nrf_drv_gpiote.c.o
 .debug_macro   0x0000000000004445       0x28 _build/nrf52832_xxaa/nrf_drv_gpiote.c.o
 .debug_macro   0x000000000000446d       0x16 _build/nrf52832_xxaa/nrf_drv_gpiote.c.o
 .debug_macro   0x0000000000004483      0x224 _build/nrf52832_xxaa/ant_channel_config.c.o
 .debug_macro   0x00000000000046a7       0x18 _build/nrf52832_xxaa/ant_channel_config.c.o
 .debug_macro   0x00000000000046bf      0x30c _build/nrf52832_xxaa/bsp.c.o
 .debug_macro   0x00000000000049cb       0x16 _build/nrf52832_xxaa/bsp.c.o
 .debug_macro   0x00000000000049e1       0x1c _build/nrf52832_xxaa/bsp.c.o
 .debug_macro   0x00000000000049fd      0x100 _build/nrf52832_xxaa/bsp.c.o
 .debug_macro   0x0000000000004afd      0x3af _build/nrf52832_xxaa/ant_io_tx.c.o
 .debug_macro   0x0000000000004eac       0x2a _build/nrf52832_xxaa/ant_io_tx.c.o
 .debug_macro   0x0000000000004ed6       0x3b _build/nrf52832_xxaa/ant_io_tx.c.o
 .debug_macro   0x0000000000004f11      0x444 _build/nrf52832_xxaa/main.c.o
 .debug_macro   0x0000000000005355       0x22 _build/nrf52832_xxaa/main.c.o
 .debug_macro   0x0000000000005377       0x37 _build/nrf52832_xxaa/main.c.o
 .debug_macro   0x00000000000053ae       0x35 _build/nrf52832_xxaa/main.c.o
 .debug_macro   0x00000000000053e3       0x10 _build/nrf52832_xxaa/main.c.o
 .debug_macro   0x00000000000053f3      0x16d _build/nrf52832_xxaa/main.c.o
 .debug_macro   0x0000000000005560       0x10 _build/nrf52832_xxaa/main.c.o
 .debug_macro   0x0000000000005570       0xf5 _build/nrf52832_xxaa/system_nrf52.c.o
 .debug_macro   0x0000000000005665      0x371 _build/nrf52832_xxaa/nrf_sdh.c.o
 .debug_macro   0x00000000000059d6      0x15b _build/nrf52832_xxaa/nrf_sdh.c.o
 .debug_macro   0x0000000000005b31      0x333 _build/nrf52832_xxaa/nrf_sdh_ant.c.o
 .debug_macro   0x0000000000005e64      0x348 _build/nrf52832_xxaa/nrf_sdh_soc.c.o
 .debug_macro   0x00000000000061ac       0x16 _build/nrf52832_xxaa/nrf_sdh_soc.c.o

.debug_line     0x0000000000000000     0xa137
 .debug_line    0x0000000000000000      0x765 _build/nrf52832_xxaa/boards.c.o
 .debug_line    0x0000000000000765      0x786 _build/nrf52832_xxaa/app_button.c.o
 .debug_line    0x0000000000000eeb      0x543 _build/nrf52832_xxaa/app_error.c.o
 .debug_line    0x000000000000142e      0x80d _build/nrf52832_xxaa/app_error_weak.c.o
 .debug_line    0x0000000000001c3b      0xb13 _build/nrf52832_xxaa/app_timer.c.o
 .debug_line    0x000000000000274e      0x644 _build/nrf52832_xxaa/app_util_platform.c.o
 .debug_line    0x0000000000002d92      0x4f8 _build/nrf52832_xxaa/hardfault_handler_gcc.c.o
 .debug_line    0x000000000000328a      0x801 _build/nrf52832_xxaa/hardfault_implementation.c.o
 .debug_line    0x0000000000003a8b      0xa26 _build/nrf52832_xxaa/nrf_pwr_mgmt.c.o
 .debug_line    0x00000000000044b1      0x5d9 _build/nrf52832_xxaa/nrf_section_iter.c.o
 .debug_line    0x0000000000004a8a      0x66d _build/nrf52832_xxaa/nrf_drv_common.c.o
 .debug_line    0x00000000000050f7     0x1182 _build/nrf52832_xxaa/nrf_drv_gpiote.c.o
 .debug_line    0x0000000000006279      0x596 _build/nrf52832_xxaa/ant_channel_config.c.o
 .debug_line    0x000000000000680f      0xa30 _build/nrf52832_xxaa/bsp.c.o
 .debug_line    0x000000000000723f      0x865 _build/nrf52832_xxaa/ant_io_tx.c.o
 .debug_line    0x0000000000007aa4      0xa2b _build/nrf52832_xxaa/main.c.o
 .debug_line    0x00000000000084cf       0x91 _build/nrf52832_xxaa/gcc_startup_nrf52.S.o
 .debug_line    0x0000000000008560      0x429 _build/nrf52832_xxaa/system_nrf52.c.o
 .debug_line    0x0000000000008989      0x991 _build/nrf52832_xxaa/nrf_sdh.c.o
 .debug_line    0x000000000000931a      0x71b _build/nrf52832_xxaa/nrf_sdh_ant.c.o
 .debug_line    0x0000000000009a35      0x702 _build/nrf52832_xxaa/nrf_sdh_soc.c.o

.debug_str      0x0000000000000000    0x77f6e
 .debug_str     0x0000000000000000    0x67ffb _build/nrf52832_xxaa/boards.c.o
                                      0x68c83 (size before relaxing)
 .debug_str     0x0000000000067ffb     0x50fb _build/nrf52832_xxaa/app_button.c.o
                                      0x6cc03 (size before relaxing)
 .debug_str     0x000000000006d0f6      0x12b _build/nrf52832_xxaa/app_error.c.o
                                      0x67084 (size before relaxing)
 .debug_str     0x000000000006d221     0x3ff9 _build/nrf52832_xxaa/app_error_weak.c.o
                                      0x6f62f (size before relaxing)
 .debug_str     0x000000000007121a      0xac6 _build/nrf52832_xxaa/app_timer.c.o
                                      0x6cff9 (size before relaxing)
 .debug_str     0x0000000000071ce0      0x251 _build/nrf52832_xxaa/app_util_platform.c.o
                                      0x6815c (size before relaxing)
 .debug_str     0x0000000000071f31       0x6c _build/nrf52832_xxaa/hardfault_handler_gcc.c.o
                                      0x65f40 (size before relaxing)
 .debug_str     0x0000000000071f9d      0x13e _build/nrf52832_xxaa/hardfault_implementation.c.o
                                      0x6ed17 (size before relaxing)
 .debug_str     0x00000000000720db     0x1b5a _build/nrf52832_xxaa/nrf_pwr_mgmt.c.o
                                      0x70ab3 (size before relaxing)
 .debug_str     0x0000000000073c35       0x57 _build/nrf52832_xxaa/nrf_section_iter.c.o
                                      0x6babc (size before relaxing)
 .debug_str     0x0000000000073c8c      0x1ed _build/nrf52832_xxaa/nrf_drv_common.c.o
                                      0x6cf7b (size before relaxing)
 .debug_str     0x0000000000073e79      0xefb _build/nrf52832_xxaa/nrf_drv_gpiote.c.o
                                      0x7054b (size before relaxing)
 .debug_str     0x0000000000074d74      0x960 _build/nrf52832_xxaa/ant_channel_config.c.o
                                      0x6b1a9 (size before relaxing)
 .debug_str     0x00000000000756d4     0x1028 _build/nrf52832_xxaa/bsp.c.o
                                      0x6df0f (size before relaxing)
 .debug_str     0x00000000000766fc      0x8e0 _build/nrf52832_xxaa/ant_io_tx.c.o
                                      0x6ee41 (size before relaxing)
 .debug_str     0x0000000000076fdc       0x9b _build/nrf52832_xxaa/main.c.o
                                      0x714e5 (size before relaxing)
 .debug_str     0x0000000000077077       0x51 _build/nrf52832_xxaa/gcc_startup_nrf52.S.o
                                         0xcb (size before relaxing)
 .debug_str     0x00000000000770c8      0x206 _build/nrf52832_xxaa/system_nrf52.c.o
                                      0x5c2d0 (size before relaxing)
 .debug_str     0x00000000000772ce      0x5e1 _build/nrf52832_xxaa/nrf_sdh.c.o
                                      0x6f68c (size before relaxing)
 .debug_str     0x00000000000778af      0x235 _build/nrf52832_xxaa/nrf_sdh_ant.c.o
                                      0x6e94e (size before relaxing)
 .debug_str     0x0000000000077ae4      0x48a _build/nrf52832_xxaa/nrf_sdh_soc.c.o
                                      0x6e6d2 (size before relaxing)

.debug_frame    0x0000000000000000      0xe6c
 .debug_frame   0x0000000000000000      0x104 _build/nrf52832_xxaa/boards.c.o
 .debug_frame   0x0000000000000104       0xfc _build/nrf52832_xxaa/app_button.c.o
 .debug_frame   0x0000000000000200       0x70 _build/nrf52832_xxaa/app_error.c.o
 .debug_frame   0x0000000000000270       0x20 _build/nrf52832_xxaa/app_error_weak.c.o
 .debug_frame   0x0000000000000290      0x164 _build/nrf52832_xxaa/app_timer.c.o
 .debug_frame   0x00000000000003f4       0x90 _build/nrf52832_xxaa/app_util_platform.c.o
 .debug_frame   0x0000000000000484       0x28 _build/nrf52832_xxaa/hardfault_handler_gcc.c.o
 .debug_frame   0x00000000000004ac       0x38 _build/nrf52832_xxaa/hardfault_implementation.c.o
 .debug_frame   0x00000000000004e4       0x9c _build/nrf52832_xxaa/nrf_pwr_mgmt.c.o
 .debug_frame   0x0000000000000580       0x30 _build/nrf52832_xxaa/nrf_section_iter.c.o
 .debug_frame   0x00000000000005b0       0x2c _build/nrf52832_xxaa/nrf_drv_common.c.o
 .debug_frame   0x00000000000005dc      0x290 _build/nrf52832_xxaa/nrf_drv_gpiote.c.o
 .debug_frame   0x000000000000086c       0x6c _build/nrf52832_xxaa/ant_channel_config.c.o
 .debug_frame   0x00000000000008d8      0x1d8 _build/nrf52832_xxaa/bsp.c.o
 .debug_frame   0x0000000000000ab0       0x7c _build/nrf52832_xxaa/ant_io_tx.c.o
 .debug_frame   0x0000000000000b2c       0x28 _build/nrf52832_xxaa/main.c.o
 .debug_frame   0x0000000000000b54       0x40 _build/nrf52832_xxaa/system_nrf52.c.o
 .debug_frame   0x0000000000000b94      0x138 _build/nrf52832_xxaa/nrf_sdh.c.o
 .debug_frame   0x0000000000000ccc       0x6c _build/nrf52832_xxaa/nrf_sdh_ant.c.o
 .debug_frame   0x0000000000000d38       0x40 _build/nrf52832_xxaa/nrf_sdh_soc.c.o
 .debug_frame   0x0000000000000d78       0x28 /usr/local/gcc-arm-none-eabi-7-2017-q4-major/bin/../lib/gcc/arm-none-eabi/7.2.1/../../../../arm-none-eabi/lib/thumb/v7e-m/fpv4-sp/hard/libc_nano.a(lib_a-exit.o)
 .debug_frame   0x0000000000000da0       0x2c /usr/local/gcc-arm-none-eabi-7-2017-q4-major/bin/../lib/gcc/arm-none-eabi/7.2.1/../../../../arm-none-eabi/lib/thumb/v7e-m/fpv4-sp/hard/libc_nano.a(lib_a-init.o)
 .debug_frame   0x0000000000000dcc       0x20 /usr/local/gcc-arm-none-eabi-7-2017-q4-major/bin/../lib/gcc/arm-none-eabi/7.2.1/../../../../arm-none-eabi/lib/thumb/v7e-m/fpv4-sp/hard/libc_nano.a(lib_a-memset.o)
 .debug_frame   0x0000000000000dec       0x20 /usr/local/gcc-arm-none-eabi-7-2017-q4-major/bin/../lib/gcc/arm-none-eabi/7.2.1/../../../../arm-none-eabi/lib/thumb/v7e-m/fpv4-sp/hard/libnosys.a(_exit.o)
 .debug_frame   0x0000000000000e0c       0x2c /usr/local/gcc-arm-none-eabi-7-2017-q4-major/bin/../lib/gcc/arm-none-eabi/7.2.1/thumb/v7e-m/fpv4-sp/hard/libgcc.a(_aeabi_uldivmod.o)
 .debug_frame   0x0000000000000e38       0x34 /usr/local/gcc-arm-none-eabi-7-2017-q4-major/bin/../lib/gcc/arm-none-eabi/7.2.1/thumb/v7e-m/fpv4-sp/hard/libgcc.a(_udivmoddi4.o)
