Component: ARM Compiler 5.06 update 6 (build 750) Tool: armlink [4d35ed]

==============================================================================

Section Cross References

    main.o(i.main) refers to segger_rtt.o(i.SEGGER_RTT_WriteString) for SEGGER_RTT_WriteString
    main.o(i.main) refers to nrf_log_frontend.o(i.nrf_log_init) for nrf_log_init
    main.o(i.main) refers to app_error.o(i.app_error_handler) for app_error_handler
    main.o(i.main) refers to nrf_log_default_backends.o(i.nrf_log_default_backends_init) for nrf_log_default_backends_init
    main.o(i.main) refers to nrf_pwr_mgmt.o(i.nrf_pwr_mgmt_init) for nrf_pwr_mgmt_init
    main.o(i.main) refers to segger_rtt_printf.o(i.SEGGER_RTT_printf) for SEGGER_RTT_printf
    main.o(i.main) refers to app_timer.o(i.app_timer_init) for app_timer_init
    main.o(i.main) refers to bsp.o(i.bsp_init) for bsp_init
    main.o(i.main) refers to boards.o(i.bsp_board_led_on) for bsp_board_led_on
    main.o(i.main) refers to ant_io_tx.o(i.ant_io_tx_setup) for ant_io_tx_setup
    main.o(i.main) refers to nrf_log_frontend.o(i.nrf_log_frontend_dequeue) for nrf_log_frontend_dequeue
    main.o(i.main) refers to nrf_pwr_mgmt.o(i.nrf_pwr_mgmt_run) for nrf_pwr_mgmt_run
    ant_io_tx.o(i.ant_evt_handler) refers to ant_io_tx.o(i.handle_transmit) for handle_transmit
    ant_io_tx.o(i.ant_evt_handler) refers to boards.o(i.bsp_board_led_off) for bsp_board_led_off
    ant_io_tx.o(i.ant_evt_handler) refers to boards.o(i.bsp_board_led_on) for bsp_board_led_on
    ant_io_tx.o(i.ant_evt_handler) refers to ant_io_tx.o(.data) for .data
    ant_io_tx.o(i.ant_io_tx_setup) refers to ant_io_tx.o(i.softdevice_setup) for softdevice_setup
    ant_io_tx.o(i.ant_io_tx_setup) refers to ant_channel_config.o(i.ant_channel_init) for ant_channel_init
    ant_io_tx.o(i.ant_io_tx_setup) refers to segger_rtt_printf.o(i.SEGGER_RTT_printf) for SEGGER_RTT_printf
    ant_io_tx.o(i.ant_io_tx_setup) refers to app_error.o(i.app_error_handler) for app_error_handler
    ant_io_tx.o(i.ant_io_tx_setup) refers to ant_io_tx.o(.constdata) for .constdata
    ant_io_tx.o(i.handle_transmit) refers to segger_rtt_printf.o(i.SEGGER_RTT_printf) for SEGGER_RTT_printf
    ant_io_tx.o(i.handle_transmit) refers to app_error.o(i.app_error_handler) for app_error_handler
    ant_io_tx.o(i.handle_transmit) refers to ant_io_tx.o(.data) for .data
    ant_io_tx.o(i.softdevice_setup) refers to nrf_sdh.o(i.nrf_sdh_enable_request) for nrf_sdh_enable_request
    ant_io_tx.o(i.softdevice_setup) refers to app_error.o(i.app_error_handler) for app_error_handler
    ant_io_tx.o(i.softdevice_setup) refers to segger_rtt_printf.o(i.SEGGER_RTT_printf) for SEGGER_RTT_printf
    ant_io_tx.o(i.softdevice_setup) refers to nrf_sdh_ant.o(i.nrf_sdh_ant_enable) for nrf_sdh_ant_enable
    ant_io_tx.o(sdh_ant_observers1) refers to ant_io_tx.o(i.ant_evt_handler) for ant_evt_handler
    boards.o(i.bsp_board_button_idx_to_pin) refers to boards.o(.constdata) for .constdata
    boards.o(i.bsp_board_button_state_get) refers to boards.o(.constdata) for .constdata
    boards.o(i.bsp_board_buttons_init) refers to boards.o(i.nrf_gpio_cfg) for nrf_gpio_cfg
    boards.o(i.bsp_board_buttons_init) refers to boards.o(.constdata) for .constdata
    boards.o(i.bsp_board_led_idx_to_pin) refers to boards.o(.constdata) for .constdata
    boards.o(i.bsp_board_led_invert) refers to boards.o(.constdata) for .constdata
    boards.o(i.bsp_board_led_off) refers to boards.o(i.nrf_gpio_pin_write) for nrf_gpio_pin_write
    boards.o(i.bsp_board_led_off) refers to boards.o(.constdata) for .constdata
    boards.o(i.bsp_board_led_on) refers to boards.o(i.nrf_gpio_pin_write) for nrf_gpio_pin_write
    boards.o(i.bsp_board_led_on) refers to boards.o(.constdata) for .constdata
    boards.o(i.bsp_board_led_state_get) refers to boards.o(.constdata) for .constdata
    boards.o(i.bsp_board_leds_init) refers to boards.o(i.nrf_gpio_cfg) for nrf_gpio_cfg
    boards.o(i.bsp_board_leds_init) refers to boards.o(i.bsp_board_leds_off) for bsp_board_leds_off
    boards.o(i.bsp_board_leds_init) refers to boards.o(.constdata) for .constdata
    boards.o(i.bsp_board_leds_off) refers to boards.o(i.bsp_board_led_off) for bsp_board_led_off
    boards.o(i.bsp_board_leds_on) refers to boards.o(i.bsp_board_led_on) for bsp_board_led_on
    boards.o(i.bsp_board_pin_to_button_idx) refers to boards.o(.constdata) for .constdata
    boards.o(i.bsp_board_pin_to_led_idx) refers to boards.o(.constdata) for .constdata
    bsp.o(i.alert_timer_handler) refers to boards.o(i.bsp_board_led_invert) for bsp_board_led_invert
    bsp.o(i.bsp_button_event_handler) refers to boards.o(i.bsp_board_pin_to_button_idx) for bsp_board_pin_to_button_idx
    bsp.o(i.bsp_button_event_handler) refers to app_timer.o(i.app_timer_start) for app_timer_start
    bsp.o(i.bsp_button_event_handler) refers to app_timer.o(i.app_timer_stop) for app_timer_stop
[...]
    nrf_gpio_ports_read                      0x0002f929   Thumb Code    34  nrf_drv_gpiote.o(i.nrf_gpio_ports_read)
    i.nrf_gpiote_event_clear                 0x0002f950   Section        0  nrf_drv_gpiote.o(i.nrf_gpiote_event_clear)
    nrf_gpiote_event_clear                   0x0002f951   Thumb Code    16  nrf_drv_gpiote.o(i.nrf_gpiote_event_clear)
    i.nrf_gpiote_event_is_set                0x0002f964   Section        0  nrf_drv_gpiote.o(i.nrf_gpiote_event_is_set)
    nrf_gpiote_event_is_set                  0x0002f965   Thumb Code    12  nrf_drv_gpiote.o(i.nrf_gpiote_event_is_set)
    i.nrf_log_backend_add                    0x0002f974   Section        0  nrf_log_frontend.o(i.nrf_log_backend_add)
    i.nrf_log_backend_rtt_flush              0x0002f9c4   Section        0  nrf_log_backend_rtt.o(i.nrf_log_backend_rtt_flush)
    nrf_log_backend_rtt_flush                0x0002f9c5   Thumb Code     2  nrf_log_backend_rtt.o(i.nrf_log_backend_rtt_flush)
    i.nrf_log_backend_rtt_init               0x0002f9c6   Section        0  nrf_log_backend_rtt.o(i.nrf_log_backend_rtt_init)
    i.nrf_log_backend_rtt_panic_set          0x0002f9ca   Section        0  nrf_log_backend_rtt.o(i.nrf_log_backend_rtt_panic_set)
    nrf_log_backend_rtt_panic_set            0x0002f9cb   Thumb Code     2  nrf_log_backend_rtt.o(i.nrf_log_backend_rtt_panic_set)
    i.nrf_log_backend_rtt_put                0x0002f9cc   Section        0  nrf_log_backend_rtt.o(i.nrf_log_backend_rtt_put)
    nrf_log_backend_rtt_put                  0x0002f9cd   Thumb Code    16  nrf_log_backend_rtt.o(i.nrf_log_backend_rtt_put)
    i.nrf_log_backend_serial_put             0x0002f9e4   Section        0  nrf_log_backend_serial.o(i.nrf_log_backend_serial_put)
    i.nrf_log_color_id_get                   0x0002fab8   Section        0  nrf_log_frontend.o(i.nrf_log_color_id_get)
    i.nrf_log_default_backends_init          0x0002fae8   Section        0  nrf_log_default_backends.o(i.nrf_log_default_backends_init)
    i.nrf_log_frontend_dequeue               0x0002fb04   Section        0  nrf_log_frontend.o(i.nrf_log_frontend_dequeue)
    i.nrf_log_frontend_std_0                 0x0002fcf4   Section        0  nrf_log_frontend.o(i.nrf_log_frontend_std_0)
    i.nrf_log_frontend_std_1                 0x0002fcfc   Section        0  nrf_log_frontend.o(i.nrf_log_frontend_std_1)
    i.nrf_log_frontend_std_2                 0x0002fd0a   Section        0  nrf_log_frontend.o(i.nrf_log_frontend_std_2)
    i.nrf_log_frontend_std_4                 0x0002fd1a   Section        0  nrf_log_frontend.o(i.nrf_log_frontend_std_4)
    i.nrf_log_hexdump_entry_process          0x0002fd30   Section        0  nrf_log_str_formatter.o(i.nrf_log_hexdump_entry_process)
    i.nrf_log_init                           0x0002fddc   Section        0  nrf_log_frontend.o(i.nrf_log_init)
    i.nrf_log_module_cnt_get                 0x0002fe38   Section        0  nrf_log_frontend.o(i.nrf_log_module_cnt_get)
    i.nrf_log_module_name_get                0x0002fe4c   Section        0  nrf_log_frontend.o(i.nrf_log_module_name_get)
    i.nrf_log_panic                          0x0002fe68   Section        0  nrf_log_frontend.o(i.nrf_log_panic)
    i.nrf_log_std_entry_process              0x0002fe90   Section        0  nrf_log_str_formatter.o(i.nrf_log_std_entry_process)
    i.nrf_memobj_alloc                       0x0002ff46   Section        0  nrf_memobj.o(i.nrf_memobj_alloc)
    i.nrf_memobj_free                        0x0002ffa6   Section        0  nrf_memobj.o(i.nrf_memobj_free)
    i.nrf_memobj_get                         0x0002ffd8   Section        0  nrf_memobj.o(i.nrf_memobj_get)
    i.nrf_memobj_pool_init                   0x0002ffe6   Section        0  nrf_memobj.o(i.nrf_memobj_pool_init)
    i.nrf_memobj_put                         0x0002ffea   Section        0  nrf_memobj.o(i.nrf_memobj_put)
    i.nrf_memobj_read                        0x0003000c   Section        0  nrf_memobj.o(i.nrf_memobj_read)
    i.nrf_memobj_write                       0x00030018   Section        0  nrf_memobj.o(i.nrf_memobj_write)
    i.nrf_pwr_mgmt_init                      0x00030024   Section        0  nrf_pwr_mgmt.o(i.nrf_pwr_mgmt_init)
    i.nrf_pwr_mgmt_run                       0x0003004c   Section        0  nrf_pwr_mgmt.o(i.nrf_pwr_mgmt_run)
    i.nrf_sdh_ant_enable                     0x00030090   Section        0  nrf_sdh_ant.o(i.nrf_sdh_ant_enable)
    i.nrf_sdh_ant_evts_poll                  0x000300a4   Section        0  nrf_sdh_ant.o(i.nrf_sdh_ant_evts_poll)
    nrf_sdh_ant_evts_poll                    0x000300a5   Thumb Code    74  nrf_sdh_ant.o(i.nrf_sdh_ant_evts_poll)
    i.nrf_sdh_disable_request                0x00030134   Section        0  nrf_sdh.o(i.nrf_sdh_disable_request)
    i.nrf_sdh_enable_request                 0x00030170   Section        0  nrf_sdh.o(i.nrf_sdh_enable_request)
    i.nrf_sdh_evts_poll                      0x000301f0   Section        0  nrf_sdh.o(i.nrf_sdh_evts_poll)
    i.nrf_sdh_is_enabled                     0x00030214   Section        0  nrf_sdh.o(i.nrf_sdh_is_enabled)
    i.nrf_sdh_request_continue               0x00030220   Section        0  nrf_sdh.o(i.nrf_sdh_request_continue)
    i.nrf_sdh_soc_evts_poll                  0x0003023c   Section        0  nrf_sdh_soc.o(i.nrf_sdh_soc_evts_poll)
    nrf_sdh_soc_evts_poll                    0x0003023d   Thumb Code    60  nrf_sdh_soc.o(i.nrf_sdh_soc_evts_poll)
    i.nrf_section_iter_init                  0x000302bc   Section        0  nrf_section_iter.o(i.nrf_section_iter_init)
    i.nrf_section_iter_item_set              0x000302c6   Section        0  nrf_section_iter.o(i.nrf_section_iter_item_set)
    nrf_section_iter_item_set                0x000302c7   Thumb Code    36  nrf_section_iter.o(i.nrf_section_iter_item_set)
    i.nrf_section_iter_next                  0x000302ea   Section        0  nrf_section_iter.o(i.nrf_section_iter_next)
    i.nrf_strerror_find                      0x0003030c   Section        0  nrf_strerror.o(i.nrf_strerror_find)
    i.nrf_strerror_get                       0x00030344   Section        0  nrf_strerror.o(i.nrf_strerror_get)
    i.pin_in_use_by_port                     0x00030358   Section        0  nrf_drv_gpiote.o(i.pin_in_use_by_port)
    pin_in_use_by_port                       0x00030359   Thumb Code    20  nrf_drv_gpiote.o(i.pin_in_use_by_port)
    i.pin_in_use_by_te                       0x00030370   Section        0  nrf_drv_gpiote.o(i.pin_in_use_by_te)
    pin_in_use_by_te                         0x00030371   Thumb Code    20  nrf_drv_gpiote.o(i.pin_in_use_by_te)
    i.postfix_process                        0x00030388   Section        0  nrf_log_str_formatter.o(i.postfix_process)
    postfix_process                          0x00030389   Thumb Code    48  nrf_log_str_formatter.o(i.postfix_process)
    i.prefix_process                         0x000303c4   Section        0  nrf_log_str_formatter.o(i.prefix_process)
    prefix_process                           0x000303c5   Thumb Code    72  nrf_log_str_formatter.o(i.prefix_process)
    i.queue_process                          0x00030420   Section        0  nrf_fstorage_sd.o(i.queue_process)
    queue_process                            0x00030421   Thumb Code   140  nrf_fstorage_sd.o(i.queue_process)
    i.rtc1_stop                              0x000304b8   Section        0  app_timer.o(i.rtc1_stop)
    rtc1_stop                                0x000304b9   Thumb Code    52  app_timer.o(i.rtc1_stop)
    i.sd_nvic_SetPriority                    0x000304f4   Section        0  nrf_sdh.o(i.sd_nvic_SetPriority)
    sd_nvic_SetPriority                      0x000304f5   Thumb Code    66  nrf_sdh.o(i.sd_nvic_SetPriority)
    i.sdh_request_observer_notify            0x00030538   Section        0  nrf_sdh.o(i.sdh_request_observer_notify)
    sdh_request_observer_notify              0x00030539   Thumb Code    44  nrf_sdh.o(i.sdh_request_observer_notify)
    i.sdh_state_observer_notify              0x00030568   Section        0  nrf_sdh.o(i.sdh_state_observer_notify)
    sdh_state_observer_notify                0x00030569   Thumb Code    38  nrf_sdh.o(i.sdh_state_observer_notify)
    i.serial_tx                              0x00030594   Section        0  nrf_log_backend_rtt.o(i.serial_tx)
    serial_tx                                0x00030595   Thumb Code    42  nrf_log_backend_rtt.o(i.serial_tx)
    i.softdevice_evt_irq_disable             0x000305c0   Section        0  nrf_sdh.o(i.softdevice_evt_irq_disable)
    softdevice_evt_irq_disable               0x000305c1   Thumb Code    56  nrf_sdh.o(i.softdevice_evt_irq_disable)
    i.softdevice_setup                       0x00030638   Section        0  ant_io_tx.o(i.softdevice_setup)
    softdevice_setup                         0x00030639   Thumb Code    62  ant_io_tx.o(i.softdevice_setup)
    i.softdevices_evt_irq_enable             0x000306dc   Section        0  nrf_sdh.o(i.softdevices_evt_irq_enable)
    softdevices_evt_irq_enable               0x000306dd   Thumb Code    76  nrf_sdh.o(i.softdevices_evt_irq_enable)
    i.std_n                                  0x0003076c   Section        0  nrf_log_frontend.o(i.std_n)
    std_n                                    0x0003076d   Thumb Code   140  nrf_log_frontend.o(i.std_n)
    i.swi_interrupt_priority_workaround      0x000307fc   Section        0  nrf_sdh.o(i.swi_interrupt_priority_workaround)
    swi_interrupt_priority_workaround        0x000307fd   Thumb Code    46  nrf_sdh.o(i.swi_interrupt_priority_workaround)
    i.timer_list_handler                     0x00030868   Section        0  app_timer.o(i.timer_list_handler)
    timer_list_handler                       0x00030869   Thumb Code   122  app_timer.o(i.timer_list_handler)
    i.timer_list_insert                      0x000308e8   Section        0  app_timer.o(i.timer_list_insert)
    timer_list_insert                        0x000308e9   Thumb Code    56  app_timer.o(i.timer_list_insert)
    i.timer_list_remove                      0x00030924   Section        0  app_timer.o(i.timer_list_remove)
    timer_list_remove                        0x00030925   Thumb Code    88  app_timer.o(i.timer_list_remove)
    i.timer_stop_op_schedule                 0x00030984   Section        0  app_timer.o(i.timer_stop_op_schedule)
    timer_stop_op_schedule                   0x00030985   Thumb Code    68  app_timer.o(i.timer_stop_op_schedule)
    i.timer_timeouts_check                   0x000309cc   Section        0  app_timer.o(i.timer_timeouts_check)
    timer_timeouts_check                     0x000309cd   Thumb Code   106  app_timer.o(i.timer_timeouts_check)
    i.unsigned_print                         0x00030a40   Section        0  nrf_fprintf_format.o(i.unsigned_print)
    unsigned_print                           0x00030a41   Thumb Code   176  nrf_fprintf_format.o(i.unsigned_print)
    i.user_op_alloc                          0x00030af4   Section        0  app_timer.o(i.user_op_alloc)
    user_op_alloc                            0x00030af5   Thumb Code    42  app_timer.o(i.user_op_alloc)
    .constdata                               0x00030b24   Section       12  ant_io_tx.o(.constdata)
    .constdata                               0x00030b30   Section        8  boards.o(.constdata)
    m_board_led_list                         0x00030b30   Data           4  boards.o(.constdata)
    m_board_btn_list                         0x00030b34   Data           4  boards.o(.constdata)
    .constdata                               0x00030b38   Section       44  bsp.o(.constdata)
    m_leds_timer_id                          0x00030b38   Data           4  bsp.o(.constdata)
    m_alert_timer_id                         0x00030b3c   Data           4  bsp.o(.constdata)
    m_button_timer_id                        0x00030b40   Data           4  bsp.o(.constdata)
    app_buttons                              0x00030b44   Data          32  bsp.o(.constdata)
    .constdata                               0x00030b64   Section        4  nrf_drv_gpiote.o(.constdata)
    .constdata                               0x00030b68   Section        8  app_button.o(.constdata)
    m_detection_delay_timer_id               0x00030b68   Data           4  app_button.o(.constdata)
    .constdata                               0x00030b70   Section       16  nrf_fprintf_format.o(.constdata)
    _aV2C                                    0x00030b70   Data          16  nrf_fprintf_format.o(.constdata)
    .constdata                               0x00030b80   Section       16  nrf_fstorage_sd.o(.constdata)
    m_fifo                                   0x00030b80   Data           4  nrf_fstorage_sd.o(.constdata)
    m_flash_info                             0x00030b84   Data          12  nrf_fstorage_sd.o(.constdata)
    .constdata                               0x00030b90   Section       24  nrf_pwr_mgmt.o(.constdata)
    pwr_mgmt_data_array                      0x00030b90   Data          24  nrf_pwr_mgmt.o(.constdata)
    .constdata                               0x00030ba8   Section       12  nrf_pwr_mgmt.o(.constdata)
    pwr_mgmt_data                            0x00030ba8   Data          12  nrf_pwr_mgmt.o(.constdata)
    .constdata                               0x00030bb4   Section      260  nrf_strerror.o(.constdata)
    m_unknown_str                            0x00030bb4   Data          19  nrf_strerror.o(.constdata)
    nrf_strerror_array                       0x00030bc8   Data         240  nrf_strerror.o(.constdata)
    .constdata                               0x00030cb8   Section       12  nrf_log_backend_rtt.o(.constdata)
    .constdata                               0x00030cc4   Section       20  nrf_log_frontend.o(.constdata)
    mempool                                  0x00030cc4   Data          20  nrf_log_frontend.o(.constdata)
    .constdata                               0x00030cd8   Section       16  segger_rtt_printf.o(.constdata)
    _aV2C                                    0x00030cd8   Data          16  segger_rtt_printf.o(.constdata)
    .constdata                               0x00030ce8   Section       16  nrf_sdh.o(.constdata)
    sdh_req_observers_array                  0x00030ce8   Data          16  nrf_sdh.o(.constdata)
    .constdata                               0x00030cf8   Section       40  nrf_sdh.o(.constdata)
    sdh_req_observers                        0x00030cfc   Data          12  nrf_sdh.o(.constdata)
    sdh_state_observers                      0x00030d08   Data          12  nrf_sdh.o(.constdata)
    sdh_stack_observers                      0x00030d14   Data          12  nrf_sdh.o(.constdata)
    .constdata                               0x00030d20   Section       16  nrf_sdh.o(.constdata)
    sdh_state_observers_array                0x00030d20   Data          16  nrf_sdh.o(.constdata)
    .constdata                               0x00030d30   Section       16  nrf_sdh.o(.constdata)
    sdh_stack_observers_array                0x00030d30   Data          16  nrf_sdh.o(.constdata)
    .constdata                               0x00030d40   Section       16  nrf_sdh_ant.o(.constdata)
    sdh_ant_observers_array                  0x00030d40   Data          16  nrf_sdh_ant.o(.constdata)
    .constdata                               0x00030d50   Section       24  nrf_sdh_ant.o(.constdata)
    sdh_ant_observers                        0x00030d50   Data          12  nrf_sdh_ant.o(.constdata)
    .constdata                               0x00030d68   Section       16  nrf_sdh_soc.o(.constdata)
    sdh_soc_observers_array                  0x00030d68   Data          16  nrf_sdh_soc.o(.constdata)
    .constdata                               0x00030d78   Section       12  nrf_sdh_soc.o(.constdata)
    sdh_soc_observers                        0x00030d78   Data          12  nrf_sdh_soc.o(.constdata)
    .constdata                               0x00030d84   Section      129  ctype_o.o(.constdata)
    .constdata                               0x00030e08   Section        4  ctype_o.o(.constdata)
    table                                    0x00030e08   Data           4  ctype_o.o(.constdata)
    .conststring                             0x00030e0c   Section      775  nrf_strerror.o(.conststring)
    .conststring                             0x00031114   Section      102  nrf_log_str_formatter.o(.conststring)
    .conststrlit                             0x0003117c   Section        7  nrf_drv_gpiote.o(.conststrlit)
    .conststrlit                             0x00031184   Section        7  nrf_balloc.o(.conststrlit)
    .conststrlit                             0x0003118c   Section        9  nrf_pwr_mgmt.o(.conststrlit)
    .conststrlit                             0x00031198   Section        4  nrf_log_frontend.o(.conststrlit)
    .conststrlit                             0x0003119c   Section        8  nrf_sdh.o(.conststrlit)
    .conststrlit                             0x000311a4   Section       12  nrf_sdh_ant.o(.conststrlit)
    .conststrlit                             0x000311b0   Section       12  nrf_sdh_soc.o(.conststrlit)
    log_const_data                           0x000311dc   Section        8  nrf_drv_gpiote.o(log_const_data)
    __tagsym$$used                           0x000311dc   Number         0  nrf_drv_gpiote.o(log_const_data)
    log_const_data                           0x000311e4   Section        8  nrf_balloc.o(log_const_data)
    __tagsym$$used                           0x000311e4   Number         0  nrf_balloc.o(log_const_data)
    log_const_data                           0x000311ec   Section        8  nrf_pwr_mgmt.o(log_const_data)
    __tagsym$$used                           0x000311ec   Number         0  nrf_pwr_mgmt.o(log_const_data)
    log_const_data                           0x000311f4   Section        8  nrf_log_frontend.o(log_const_data)
    __tagsym$$used                           0x000311f4   Number         0  nrf_log_frontend.o(log_const_data)
    log_const_data                           0x000311fc   Section        8  nrf_sdh.o(log_const_data)
    __tagsym$$used                           0x000311fc   Number         0  nrf_sdh.o(log_const_data)
    log_const_data                           0x00031204   Section        8  nrf_sdh_ant.o(log_const_data)
    __tagsym$$used                           0x00031204   Number         0  nrf_sdh_ant.o(log_const_data)
    log_const_data                           0x0003120c   Section        8  nrf_sdh_soc.o(log_const_data)
    __tagsym$$used                           0x0003120c   Number         0  nrf_sdh_soc.o(log_const_data)
    sdh_ant_observers1                       0x00031214   Section        8  ant_io_tx.o(sdh_ant_observers1)
    __tagsym$$used                           0x00031214   Number         0  ant_io_tx.o(sdh_ant_observers1)
    m_ant_observer                           0x00031214   Data           8  ant_io_tx.o(sdh_ant_observers1)
    sdh_req_observers0                       0x0003121c   Section        8  nrf_fstorage_sd.o(sdh_req_observers0)
    __tagsym$$used                           0x0003121c   Number         0  nrf_fstorage_sd.o(sdh_req_observers0)
    sdh_soc_observers0                       0x00031224   Section        8  nrf_fstorage_sd.o(sdh_soc_observers0)
    __tagsym$$used                           0x00031224   Number         0  nrf_fstorage_sd.o(sdh_soc_observers0)
    m_sys_obs                                0x00031224   Data           8  nrf_fstorage_sd.o(sdh_soc_observers0)
    sdh_stack_observers0                     0x0003122c   Section        8  nrf_sdh_ant.o(sdh_stack_observers0)
    __tagsym$$used                           0x0003122c   Number         0  nrf_sdh_ant.o(sdh_stack_observers0)
    m_nrf_sdh_ant_evts_poll                  0x0003122c   Data           8  nrf_sdh_ant.o(sdh_stack_observers0)
    sdh_stack_observers0                     0x00031234   Section        8  nrf_sdh_soc.o(sdh_stack_observers0)
    __tagsym$$used                           0x00031234   Number         0  nrf_sdh_soc.o(sdh_stack_observers0)
    m_nrf_sdh_soc_evts_poll                  0x00031234   Data           8  nrf_sdh_soc.o(sdh_stack_observers0)
    sdh_state_observers0                     0x0003123c   Section        8  nrf_fstorage_sd.o(sdh_state_observers0)
    __tagsym$$used                           0x0003123c   Number         0  nrf_fstorage_sd.o(sdh_state_observers0)
    m_state_obs                              0x0003123c   Data           8  nrf_fstorage_sd.o(sdh_state_observers0)
    .data                                    0x200025f8   Section       10  ant_io_tx.o(.data)
    count                                    0x200025f8   Data           1  ant_io_tx.o(.data)
    cnt                                      0x200025f9   Data           1  ant_io_tx.o(.data)
    m_broadcast_data                         0x200025fa   Data           8  ant_io_tx.o(.data)
    .data                                    0x20002604   Section       16  bsp.o(.data)
    m_stable_state                           0x20002604   Data           1  bsp.o(.data)
    m_leds_clear                             0x20002605   Data           1  bsp.o(.data)
    m_alert_on                               0x20002606   Data           1  bsp.o(.data)
    current_long_push_pin_no                 0x20002607   Data           1  bsp.o(.data)
    m_indication_type                        0x20002608   Data           4  bsp.o(.data)
    m_registered_callback                    0x2000260c   Data           4  bsp.o(.data)
    release_event_at_push                    0x20002610   Data           4  bsp.o(.data)
    .data                                    0x20002614   Section       20  app_button.o(.data)
    m_button_count                           0x20002614   Data           1  app_button.o(.data)
    mp_buttons                               0x20002618   Data           4  app_button.o(.data)
    m_detection_delay                        0x2000261c   Data           4  app_button.o(.data)
    m_pin_state                              0x20002620   Data           4  app_button.o(.data)
    m_pin_transition                         0x20002624   Data           4  app_button.o(.data)
    .data                                    0x20002628   Section       20  app_timer.o(.data)
    m_ticks_elapsed_q_read_ind               0x20002628   Data           1  app_timer.o(.data)
    m_ticks_elapsed_q_write_ind              0x20002629   Data           1  app_timer.o(.data)
    m_rtc1_running                           0x2000262a   Data           1  app_timer.o(.data)
    m_rtc1_reset                             0x2000262b   Data           1  app_timer.o(.data)
    mp_timer_id_head                         0x2000262c   Data           4  app_timer.o(.data)
    m_ticks_latest                           0x20002630   Data           4  app_timer.o(.data)
    m_ticks_elapsed                          0x20002634   Data           8  app_timer.o(.data)
    .data                                    0x2000263c   Section        8  nrf_fstorage_sd.o(.data)
    m_p_cur_op                               0x2000263c   Data           4  nrf_fstorage_sd.o(.data)
    m_iget_ctx                               0x20002640   Data           4  nrf_fstorage_sd.o(.data)
    .data                                    0x20002644   Section        8  nrf_pwr_mgmt.o(.data)
    m_pwr_mgmt_evt                           0x20002644   Data           1  nrf_pwr_mgmt.o(.data)
    m_shutdown_started                       0x20002645   Data           1  nrf_pwr_mgmt.o(.data)
    m_sysoff_mtx                             0x20002648   Data           4  nrf_pwr_mgmt.o(.data)
    .data                                    0x2000264c   Section        8  nrf_log_frontend.o(.data)
    mempool_nrf_balloc_pool_stack            0x2000264c   Data           8  nrf_log_frontend.o(.data)
    .data                                    0x20002654   Section        8  nrf_log_frontend.o(.data)
    mempool_nrf_balloc_cb                    0x20002654   Data           8  nrf_log_frontend.o(.data)
    .data                                    0x2000265c   Section       56  nrf_log_str_formatter.o(.data)
    severity_names                           0x2000265c   Data          20  nrf_log_str_formatter.o(.data)
    m_colors                                 0x20002670   Data          36  nrf_log_str_formatter.o(.data)
    .data                                    0x20002694   Section       12  nrf_log_default_backends.o(.data)
    rtt_log_backend                          0x20002694   Data          12  nrf_log_default_backends.o(.data)
    .data                                    0x200026a0   Section        3  nrf_sdh.o(.data)
    m_nrf_sdh_enabled                        0x200026a0   Data           1  nrf_sdh.o(.data)
    m_nrf_sdh_suspended                      0x200026a1   Data           1  nrf_sdh.o(.data)
    m_nrf_sdh_continue                       0x200026a2   Data           1  nrf_sdh.o(.data)
    .data                                    0x200026a4   Section        4  system_nrf52.o(.data)
    __tagsym$$used                           0x200026a4   Number         0  system_nrf52.o(.data)
    log_dynamic_data                         0x200026a8   Section       12  nrf_drv_gpiote.o(log_dynamic_data)
    __tagsym$$used                           0x200026a8   Number         0  nrf_drv_gpiote.o(log_dynamic_data)
    log_dynamic_data                         0x200026b4   Section       12  nrf_balloc.o(log_dynamic_data)
    __tagsym$$used                           0x200026b4   Number         0  nrf_balloc.o(log_dynamic_data)
    log_dynamic_data                         0x200026c0   Section       12  nrf_pwr_mgmt.o(log_dynamic_data)
    __tagsym$$used                           0x200026c0   Number         0  nrf_pwr_mgmt.o(log_dynamic_data)
    log_dynamic_data                         0x200026cc   Section       12  nrf_log_frontend.o(log_dynamic_data)
    __tagsym$$used                           0x200026cc   Number         0  nrf_log_frontend.o(log_dynamic_data)
    log_dynamic_data                         0x200026d8   Section       12  nrf_sdh.o(log_dynamic_data)
    __tagsym$$used                           0x200026d8   Number         0  nrf_sdh.o(log_dynamic_data)
    log_dynamic_data                         0x200026e4   Section       12  nrf_sdh_ant.o(log_dynamic_data)
    __tagsym$$used                           0x200026e4   Number         0  nrf_sdh_ant.o(log_dynamic_data)
    log_dynamic_data                         0x200026f0   Section       12  nrf_sdh_soc.o(log_dynamic_data)
    __tagsym$$used                           0x200026f0   Number         0  nrf_sdh_soc.o(log_dynamic_data)
    .bss                                     0x200026fc   Section       32  bsp.o(.bss)
    m_leds_timer_id_data                     0x200026fc   Data          32  bsp.o(.bss)
    .bss                                     0x2000271c   Section       32  bsp.o(.bss)
    m_alert_timer_id_data                    0x2000271c   Data          32  bsp.o(.bss)
    .bss                                     0x2000273c   Section       12  bsp.o(.bss)
    m_events_list                            0x2000273c   Data          12  bsp.o(.bss)
    .bss                                     0x20002748   Section       32  bsp.o(.bss)
    m_button_timer_id_data                   0x20002748   Data          32  bsp.o(.bss)
    .bss                                     0x20002768   Section       88  nrf_drv_gpiote.o(.bss)
    m_cb                                     0x20002768   Data          88  nrf_drv_gpiote.o(.bss)
    .bss                                     0x200027c0   Section       32  app_button.o(.bss)
    m_detection_delay_timer_id_data          0x200027c0   Data          32  app_button.o(.bss)
    .bss                                     0x200027e0   Section       32  app_error.o(.bss)
    m_error_data                             0x200027e0   Data          32  app_error.o(.bss)
    .bss                                     0x20002800   Section      268  app_timer.o(.bss)
    m_op_queue                               0x20002800   Data         268  app_timer.o(.bss)
    .bss                                     0x2000290c   Section       12  app_util_platform.o(.bss)
    .bss                                     0x20002918   Section      160  nrf_fstorage_sd.o(.bss)
    m_fifo_data                              0x20002918   Data         140  nrf_fstorage_sd.o(.bss)
    m_flags                                  0x200029a4   Data          20  nrf_fstorage_sd.o(.bss)
    .bss                                     0x200029b8   Section       16  nrf_fstorage_sd.o(.bss)
    m_fifo_inst                              0x200029b8   Data          16  nrf_fstorage_sd.o(.bss)
    .bss                                     0x200029c8   Section       12  nrf_pwr_mgmt.o(.bss)
    m_handlers_iter                          0x200029c8   Data          12  nrf_pwr_mgmt.o(.bss)
    .bss                                     0x200029d4   Section       64  nrf_log_backend_rtt.o(.bss)
    m_string_buff                            0x200029d4   Data          64  nrf_log_backend_rtt.o(.bss)
    .bss                                     0x20002a14   Section      192  nrf_log_frontend.o(.bss)
    mempool_nrf_balloc_pool_mem              0x20002a14   Data         192  nrf_log_frontend.o(.bss)
    .bss                                     0x20002ad4   Section     1056  nrf_log_frontend.o(.bss)
    m_log_data                               0x20002ad4   Data        1056  nrf_log_frontend.o(.bss)
    .bss                                     0x20002ef4   Section      648  segger_rtt.o(.bss)
    _acUpBuffer                              0x20002f6c   Data         512  segger_rtt.o(.bss)
    _acDownBuffer                            0x2000316c   Data          16  segger_rtt.o(.bss)
    .bss                                     0x2000317c   Section      128  nrf_sdh_ant.o(.bss)
    m_ant_stack_buffer                       0x2000317c   Data         128  nrf_sdh_ant.o(.bss)
    STACK                                    0x20003200   Section     8192  arm_startup_nrf52.o(STACK)

    Global Symbols

    Symbol Name                              Value     Ov Type        Size  Object(Section)

    BuildAttributes$$THM_ISAv4$E$P$D$K$B$S$7EM$VFPi3$EXTD16$VFPS$VFMA$PE$A:L22UL41UL21$X:L11$S22US41US21$IEEE1$IW$USESV6$~STKCKD$USESV7$~SHL$OSPACE$EBA8$MICROLIB$REQ8$PRES8$EABIv2 0x00000000   Number         0  anon$$obj.o ABSOLUTE
    __ARM_use_no_argv                        0x00000000   Number         0  main.o ABSOLUTE
    __use_no_errno                           0x00000000   Number         0  useno.o ABSOLUTE
    __use_no_exception_handling              0x00000000   Number         0  useno.o ABSOLUTE
    __use_no_fp                              0x00000000   Number         0  useno.o ABSOLUTE
    __use_no_heap                            0x00000000   Number         0  useno.o ABSOLUTE
    __use_no_heap_region                     0x00000000   Number         0  useno.o ABSOLUTE
    __use_no_semihosting                     0x00000000   Number         0  useno.o ABSOLUTE
    __use_no_semihosting_swi                 0x00000000   Number         0  useno.o ABSOLUTE
    __use_no_signal_handling                 0x00000000   Number         0  useno.o ABSOLUTE
    __cpp_initialize__aeabi_                  - Undefined Weak Reference
    __cxa_finalize                            - Undefined Weak Reference
    __decompress                              - Undefined Weak Reference
    _clock_init                               - Undefined Weak Reference
    _microlib_exit                            - Undefined Weak Reference
    fs_data$$Base                             - Undefined Reference
    fs_data$$Limit                            - Undefined Reference
    pwr_mgmt_data0$$Base                      - Undefined Reference
    pwr_mgmt_data0$$Limit                     - Undefined Reference
    pwr_mgmt_data1$$Base                      - Undefined Reference
    pwr_mgmt_data1$$Limit                     - Undefined Reference
    pwr_mgmt_data2$$Base                      - Undefined Reference
    pwr_mgmt_data2$$Limit                     - Undefined Reference
    sdh_ant_observers0$$Base                  - Undefined Reference
    sdh_ant_observers0$$Limit                 - Undefined Reference
    sdh_req_observers1$$Base                  - Undefined Reference
    sdh_req_observers1$$Limit                 - Undefined Reference
    sdh_soc_observers1$$Base                  - Undefined Reference
    sdh_soc_observers1$$Limit                 - Undefined Reference
    sdh_stack_observers1$$Base                - Undefined Reference
    sdh_stack_observers1$$Limit               - Undefined Reference
    sdh_state_observers1$$Base                - Undefined Reference
    sdh_state_observers1$$Limit               - Undefined Reference
    __Vectors_Size                           0x00000200   Number         0  arm_startup_nrf52.o ABSOLUTE
    __Vectors                                0x0002d000   Data           4  arm_startup_nrf52.o(RESET)
    __Vectors_End                            0x0002d200   Data           0  arm_startup_nrf52.o(RESET)
    __main                                   0x0002d201   Thumb Code     0  entry.o(.ARM.Collect$$$$00000000)
    _main_stk                                0x0002d201   Thumb Code     0  entry2.o(.ARM.Collect$$$$00000001)
    _main_scatterload                        0x0002d205   Thumb Code     0  entry5.o(.ARM.Collect$$$$00000004)
    __main_after_scatterload                 0x0002d209   Thumb Code     0  entry5.o(.ARM.Collect$$$$00000004)
    _main_clock                              0x0002d209   Thumb Code     0  entry7b.o(.ARM.Collect$$$$00000008)
    _main_cpp_init                           0x0002d209   Thumb Code     0  entry8b.o(.ARM.Collect$$$$0000000A)
    _main_init                               0x0002d209   Thumb Code     0  entry9a.o(.ARM.Collect$$$$0000000B)
    __rt_final_cpp                           0x0002d211   Thumb Code     0  entry10a.o(.ARM.Collect$$$$0000000D)
    __rt_final_exit                          0x0002d211   Thumb Code     0  entry11a.o(.ARM.Collect$$$$0000000F)
    __asm___12_nrf_atfifo_c_51f461e1__nrf_atfifo_wspace_req 0x0002d215   Thumb Code    56  nrf_atfifo.o(.emb_text)
    __asm___12_nrf_atfifo_c_51f461e1__nrf_atfifo_wspace_close 0x0002d24d   Thumb Code    18  nrf_atfifo.o(.emb_text)
    __asm___12_nrf_atfifo_c_51f461e1__nrf_atfifo_rspace_req 0x0002d25f   Thumb Code    58  nrf_atfifo.o(.emb_text)
    __asm___12_nrf_atfifo_c_51f461e1__nrf_atfifo_rspace_close 0x0002d299   Thumb Code    18  nrf_atfifo.o(.emb_text)
    __asm___12_nrf_atfifo_c_51f461e1__nrf_atfifo_space_clear 0x0002d2ab   Thumb Code    50  nrf_atfifo.o(.emb_text)
    __asm___12_nrf_memobj_c_9bb9f865__nrf_atomic_internal_mov 0x0002d2dd   Thumb Code    24  nrf_memobj.o(.emb_text)
    __asm___12_nrf_memobj_c_9bb9f865__nrf_atomic_internal_orr 0x0002d2f5   Thumb Code    26  nrf_memobj.o(.emb_text)
    __asm___12_nrf_memobj_c_9bb9f865__nrf_atomic_internal_and 0x0002d30f   Thumb Code    26  nrf_memobj.o(.emb_text)
    __asm___12_nrf_memobj_c_9bb9f865__nrf_atomic_internal_eor 0x0002d329   Thumb Code    26  nrf_memobj.o(.emb_text)
    __asm___12_nrf_memobj_c_9bb9f865__nrf_atomic_internal_add 0x0002d343   Thumb Code    26  nrf_memobj.o(.emb_text)
    __asm___12_nrf_memobj_c_9bb9f865__nrf_atomic_internal_sub 0x0002d35d   Thumb Code    26  nrf_memobj.o(.emb_text)
    __asm___18_nrf_log_frontend_c_bc460776__nrf_atomic_internal_mov 0x0002d379   Thumb Code    24  nrf_log_frontend.o(.emb_text)
    __asm___18_nrf_log_frontend_c_bc460776__nrf_atomic_internal_orr 0x0002d391   Thumb Code    26  nrf_log_frontend.o(.emb_text)
    __asm___18_nrf_log_frontend_c_bc460776__nrf_atomic_internal_and 0x0002d3ab   Thumb Code    26  nrf_log_frontend.o(.emb_text)
    __asm___18_nrf_log_frontend_c_bc460776__nrf_atomic_internal_eor 0x0002d3c5   Thumb Code    26  nrf_log_frontend.o(.emb_text)
    __asm___18_nrf_log_frontend_c_bc460776__nrf_atomic_internal_add 0x0002d3df   Thumb Code    26  nrf_log_frontend.o(.emb_text)
    __asm___18_nrf_log_frontend_c_bc460776__nrf_atomic_internal_sub 0x0002d3f9   Thumb Code    26  nrf_log_frontend.o(.emb_text)
    Reset_Handler                            0x0002d415   Thumb Code     8  arm_startup_nrf52.o(.text)
    NMI_Handler                              0x0002d41d   Thumb Code     2  arm_startup_nrf52.o(.text)
    HardFault_Handler                        0x0002d41f   Thumb Code     2  arm_startup_nrf52.o(.text)
    MemoryManagement_Handler                 0x0002d421   Thumb Code     2  arm_startup_nrf52.o(.text)
    BusFault_Handler                         0x0002d423   Thumb Code     2  arm_startup_nrf52.o(.text)
    UsageFault_Handler                       0x0002d425   Thumb Code     2  arm_startup_nrf52.o(.text)
    SVC_Handler                              0x0002d427   Thumb Code     2  arm_startup_nrf52.o(.text)
    DebugMon_Handler                         0x0002d429   Thumb Code     2  arm_startup_nrf52.o(.text)
    PendSV_Handler                           0x0002d42b   Thumb Code     2  arm_startup_nrf52.o(.text)
    SysTick_Handler                          0x0002d42d   Thumb Code     2  arm_startup_nrf52.o(.text)
    CCM_AAR_IRQHandler                       0x0002d42f   Thumb Code     0  arm_startup_nrf52.o(.text)
    COMP_LPCOMP_IRQHandler                   0x0002d42f   Thumb Code     0  arm_startup_nrf52.o(.text)
    ECB_IRQHandler                           0x0002d42f   Thumb Code     0  arm_startup_nrf52.o(.text)
    FPU_IRQHandler                           0x0002d42f   Thumb Code     0  arm_startup_nrf52.o(.text)
    I2S_IRQHandler                           0x0002d42f   Thumb Code     0  arm_startup_nrf52.o(.text)
    MWU_IRQHandler                           0x0002d42f   Thumb Code     0  arm_startup_nrf52.o(.text)
    NFCT_IRQHandler                          0x0002d42f   Thumb Code     0  arm_startup_nrf52.o(.text)
    PDM_IRQHandler                           0x0002d42f   Thumb Code     0  arm_startup_nrf52.o(.text)
    POWER_CLOCK_IRQHandler                   0x0002d42f   Thumb Code     0  arm_startup_nrf52.o(.text)
    PWM0_IRQHandler                          0x0002d42f   Thumb Code     0  arm_startup_nrf52.o(.text)
    PWM1_IRQHandler                          0x0002d42f   Thumb Code     0  arm_startup_nrf52.o(.text)
    PWM2_IRQHandler                          0x0002d42f   Thumb Code     0  arm_startup_nrf52.o(.text)
    QDEC_IRQHandler                          0x0002d42f   Thumb Code     0  arm_startup_nrf52.o(.text)
    RADIO_IRQHandler                         0x0002d42f   Thumb Code     0  arm_startup_nrf52.o(.text)
    RNG_IRQHandler                           0x0002d42f   Thumb Code     0  arm_startup_nrf52.o(.text)
    RTC0_IRQHandler                          0x0002d42f   Thumb Code     0  arm_startup_nrf52.o(.text)
    RTC2_IRQHandler                          0x0002d42f   Thumb Code     0  arm_startup_nrf52.o(.text)
    SAADC_IRQHandler                         0x0002d42f   Thumb Code     0  arm_startup_nrf52.o(.text)
    SPIM0_SPIS0_TWIM0_TWIS0_SPI0_TWI0_IRQHandler 0x0002d42f   Thumb Code     0  arm_startup_nrf52.o(.text)
    SPIM1_SPIS1_TWIM1_TWIS1_SPI1_TWI1_IRQHandler 0x0002d42f   Thumb Code     0  arm_startup_nrf52.o(.text)
    SPIM2_SPIS2_SPI2_IRQHandler              0x0002d42f   Thumb Code     0  arm_startup_nrf52.o(.text)
    SWI1_EGU1_IRQHandler                     0x0002d42f   Thumb Code     0  arm_startup_nrf52.o(.text)
    SWI3_EGU3_IRQHandler                     0x0002d42f   Thumb Code     0  arm_startup_nrf52.o(.text)
    SWI4_EGU4_IRQHandler                     0x0002d42f   Thumb Code     0  arm_startup_nrf52.o(.text)
    SWI5_EGU5_IRQHandler                     0x0002d42f   Thumb Code     0  arm_startup_nrf52.o(.text)
    TEMP_IRQHandler                          0x0002d42f   Thumb Code     0  arm_startup_nrf52.o(.text)
    TIMER0_IRQHandler                        0x0002d42f   Thumb Code     0  arm_startup_nrf52.o(.text)
    TIMER1_IRQHandler                        0x0002d42f   Thumb Code     0  arm_startup_nrf52.o(.text)
    TIMER2_IRQHandler                        0x0002d42f   Thumb Code     0  arm_startup_nrf52.o(.text)
    TIMER3_IRQHandler                        0x0002d42f   Thumb Code     0  arm_startup_nrf52.o(.text)
    TIMER4_IRQHandler                        0x0002d42f   Thumb Code     0  arm_startup_nrf52.o(.text)
    UARTE0_UART0_IRQHandler                  0x0002d42f   Thumb Code     0  arm_startup_nrf52.o(.text)
    WDT_IRQHandler                           0x0002d42f   Thumb Code     0  arm_startup_nrf52.o(.text)
    __aeabi_uldivmod                         0x0002d439   Thumb Code    98  uldiv.o(.text)
    __rt_ctype_table                         0x0002d49d   Thumb Code     4  ctype_o.o(.text)
    __aeabi_memcpy                           0x0002d4a5   Thumb Code    36  memcpya.o(.text)
    __aeabi_memcpy4                          0x0002d4a5   Thumb Code     0  memcpya.o(.text)
    __aeabi_memcpy8                          0x0002d4a5   Thumb Code     0  memcpya.o(.text)
    __aeabi_memset                           0x0002d4c9   Thumb Code    14  memseta.o(.text)
    __aeabi_memset4                          0x0002d4c9   Thumb Code     0  memseta.o(.text)
    __aeabi_memset8                          0x0002d4c9   Thumb Code     0  memseta.o(.text)
    __aeabi_memclr                           0x0002d4d7   Thumb Code     4  memseta.o(.text)
    __aeabi_memclr4                          0x0002d4d7   Thumb Code     0  memseta.o(.text)
    __aeabi_memclr8                          0x0002d4d7   Thumb Code     0  memseta.o(.text)
    _memset$wrapper                          0x0002d4db   Thumb Code    18  memseta.o(.text)
    strlen                                   0x0002d4ed   Thumb Code    14  strlen.o(.text)
    strcpy                                   0x0002d4fb   Thumb Code    18  strcpy.o(.text)
    __aeabi_llsl                             0x0002d50d   Thumb Code    30  llshl.o(.text)
    _ll_shift_l                              0x0002d50d   Thumb Code     0  llshl.o(.text)
    __aeabi_llsr                             0x0002d52b   Thumb Code    32  llushr.o(.text)
    _ll_ushift_r                             0x0002d52b   Thumb Code     0  llushr.o(.text)
    __scatterload                            0x0002d54d   Thumb Code    28  init.o(.text)
    __scatterload_rt2                        0x0002d54d   Thumb Code     0  init.o(.text)
    GPIOTE_IRQHandler                        0x0002d571   Thumb Code   362  nrf_drv_gpiote.o(i.GPIOTE_IRQHandler)
    RTC1_IRQHandler                          0x0002d749   Thumb Code    32  app_timer.o(i.RTC1_IRQHandler)
    SEGGER_RTT_Init                          0x0002d76d   Thumb Code     4  segger_rtt.o(i.SEGGER_RTT_Init)
    SEGGER_RTT_Write                         0x0002d771   Thumb Code    54  segger_rtt.o(i.SEGGER_RTT_Write)
    SEGGER_RTT_WriteNoLock                   0x0002d7ad   Thumb Code    86  segger_rtt.o(i.SEGGER_RTT_WriteNoLock)
    SEGGER_RTT_WriteString                   0x0002d809   Thumb Code    26  segger_rtt.o(i.SEGGER_RTT_WriteString)
    SEGGER_RTT_printf                        0x0002d823   Thumb Code    22  segger_rtt_printf.o(i.SEGGER_RTT_printf)
    SEGGER_RTT_vprintf                       0x0002d839   Thumb Code   406  segger_rtt_printf.o(i.SEGGER_RTT_vprintf)
    SWI0_EGU0_IRQHandler                     0x0002d9cf   Thumb Code     4  app_timer.o(i.SWI0_EGU0_IRQHandler)
    SWI2_EGU2_IRQHandler                     0x0002d9d3   Thumb Code     4  nrf_sdh.o(i.SWI2_EGU2_IRQHandler)
    SystemInit                               0x0002d9d9   Thumb Code   700  system_nrf52.o(i.SystemInit)
    __scatterload_copy                       0x0002dfcb   Thumb Code    14  handlers.o(i.__scatterload_copy)
    __scatterload_null                       0x0002dfd9   Thumb Code     2  handlers.o(i.__scatterload_null)
    __scatterload_zeroinit                   0x0002dfdb   Thumb Code    14  handlers.o(i.__scatterload_zeroinit)
    ant_channel_init                         0x0002e029   Thumb Code    60  ant_channel_config.o(i.ant_channel_init)
    ant_io_tx_setup                          0x0002e0a1   Thumb Code   114  ant_io_tx.o(i.ant_io_tx_setup)
    app_button_enable                        0x0002e1ad   Thumb Code    32  app_button.o(i.app_button_enable)
    app_button_init                          0x0002e1d1   Thumb Code    96  app_button.o(i.app_button_init)
    app_error_fault_handler                  0x0002e241   Thumb Code   168  app_error_weak.o(i.app_error_fault_handler)
    app_error_handler                        0x0002e381   Thumb Code    24  app_error.o(i.app_error_handler)
    app_error_save_and_stop                  0x0002e399   Thumb Code    96  app_error.o(i.app_error_save_and_stop)
    app_timer_create                         0x0002e3fd   Thumb Code    36  app_timer.o(i.app_timer_create)
    app_timer_init                           0x0002e425   Thumb Code    70  app_timer.o(i.app_timer_init)
    app_timer_start                          0x0002e479   Thumb Code   128  app_timer.o(i.app_timer_start)
    app_timer_stop                           0x0002e501   Thumb Code    26  app_timer.o(i.app_timer_stop)
    app_util_critical_region_enter           0x0002e521   Thumb Code    64  app_util_platform.o(i.app_util_critical_region_enter)
    app_util_critical_region_exit            0x0002e569   Thumb Code    46  app_util_platform.o(i.app_util_critical_region_exit)
    bsp_board_led_invert                     0x0002e59d   Thumb Code    32  boards.o(i.bsp_board_led_invert)
    bsp_board_led_off                        0x0002e5c1   Thumb Code    10  boards.o(i.bsp_board_led_off)
    bsp_board_led_on                         0x0002e5d1   Thumb Code    10  boards.o(i.bsp_board_led_on)
    bsp_board_led_state_get                  0x0002e5e1   Thumb Code    28  boards.o(i.bsp_board_led_state_get)
    bsp_board_leds_init                      0x0002e601   Thumb Code    38  boards.o(i.bsp_board_leds_init)
    bsp_board_leds_off                       0x0002e62d   Thumb Code    18  boards.o(i.bsp_board_leds_off)
    bsp_board_leds_on                        0x0002e63f   Thumb Code    18  boards.o(i.bsp_board_leds_on)
    bsp_board_pin_to_button_idx              0x0002e651   Thumb Code    30  boards.o(i.bsp_board_pin_to_button_idx)
    bsp_event_to_button_action_assign        0x0002e705   Thumb Code    64  bsp.o(i.bsp_event_to_button_action_assign)
    bsp_init                                 0x0002e749   Thumb Code   126  bsp.o(i.bsp_init)
    buffer_is_empty                          0x0002ea19   Thumb Code    16  nrf_log_frontend.o(i.buffer_is_empty)
    main                                     0x0002f031   Thumb Code   176  main.o(i.main)
    nrf_atfifo_item_free                     0x0002f22d   Thumb Code    22  nrf_atfifo.o(i.nrf_atfifo_item_free)
    nrf_atfifo_item_get                      0x0002f243   Thumb Code    22  nrf_atfifo.o(i.nrf_atfifo_item_get)
    nrf_balloc_alloc                         0x0002f267   Thumb Code    68  nrf_balloc.o(i.nrf_balloc_alloc)
    nrf_balloc_free                          0x0002f2ab   Thumb Code    48  nrf_balloc.o(i.nrf_balloc_free)
    nrf_balloc_init                          0x0002f2db   Thumb Code    48  nrf_balloc.o(i.nrf_balloc_init)
    nrf_drv_common_irq_enable                0x0002f3a9   Thumb Code    56  nrf_drv_common.o(i.nrf_drv_common_irq_enable)
    nrf_drv_gpiote_in_event_enable           0x0002f3e1   Thumb Code   156  nrf_drv_gpiote.o(i.nrf_drv_gpiote_in_event_enable)
    nrf_drv_gpiote_in_init                   0x0002f485   Thumb Code   172  nrf_drv_gpiote.o(i.nrf_drv_gpiote_in_init)
    nrf_drv_gpiote_in_is_set                 0x0002f53d   Thumb Code    20  nrf_drv_gpiote.o(i.nrf_drv_gpiote_in_is_set)
    nrf_drv_gpiote_init                      0x0002f551   Thumb Code    84  nrf_drv_gpiote.o(i.nrf_drv_gpiote_init)
    nrf_drv_gpiote_is_init                   0x0002f5ad   Thumb Code    14  nrf_drv_gpiote.o(i.nrf_drv_gpiote_is_init)
    nrf_fprintf                              0x0002f5c1   Thumb Code    26  nrf_fprintf.o(i.nrf_fprintf)
    nrf_fprintf_buffer_flush                 0x0002f5db   Thumb Code    24  nrf_fprintf.o(i.nrf_fprintf_buffer_flush)
    nrf_fprintf_fmt                          0x0002f5f3   Thumb Code   474  nrf_fprintf_format.o(i.nrf_fprintf_fmt)
    nrf_fstorage_sdh_req_handler             0x0002f7cd   Thumb Code    18  nrf_fstorage_sd.o(i.nrf_fstorage_sdh_req_handler)
    nrf_fstorage_sdh_state_handler           0x0002f7e5   Thumb Code    28  nrf_fstorage_sd.o(i.nrf_fstorage_sdh_state_handler)
    nrf_fstorage_sys_evt_handler             0x0002f805   Thumb Code   150  nrf_fstorage_sd.o(i.nrf_fstorage_sys_evt_handler)
    nrf_log_backend_add                      0x0002f975   Thumb Code    74  nrf_log_frontend.o(i.nrf_log_backend_add)
    nrf_log_backend_rtt_init                 0x0002f9c7   Thumb Code     4  nrf_log_backend_rtt.o(i.nrf_log_backend_rtt_init)
    nrf_log_backend_serial_put               0x0002f9e5   Thumb Code   210  nrf_log_backend_serial.o(i.nrf_log_backend_serial_put)
    nrf_log_color_id_get                     0x0002fab9   Thumb Code    42  nrf_log_frontend.o(i.nrf_log_color_id_get)
    nrf_log_default_backends_init            0x0002fae9   Thumb Code    22  nrf_log_default_backends.o(i.nrf_log_default_backends_init)
    nrf_log_frontend_dequeue                 0x0002fb05   Thumb Code   488  nrf_log_frontend.o(i.nrf_log_frontend_dequeue)
    nrf_log_frontend_std_0                   0x0002fcf5   Thumb Code     8  nrf_log_frontend.o(i.nrf_log_frontend_std_0)
    nrf_log_frontend_std_1                   0x0002fcfd   Thumb Code    14  nrf_log_frontend.o(i.nrf_log_frontend_std_1)
    nrf_log_frontend_std_2                   0x0002fd0b   Thumb Code    16  nrf_log_frontend.o(i.nrf_log_frontend_std_2)
    nrf_log_frontend_std_4                   0x0002fd1b   Thumb Code    20  nrf_log_frontend.o(i.nrf_log_frontend_std_4)
    nrf_log_hexdump_entry_process            0x0002fd31   Thumb Code   146  nrf_log_str_formatter.o(i.nrf_log_hexdump_entry_process)
    nrf_log_init                             0x0002fddd   Thumb Code    70  nrf_log_frontend.o(i.nrf_log_init)
    nrf_log_module_cnt_get                   0x0002fe39   Thumb Code    10  nrf_log_frontend.o(i.nrf_log_module_cnt_get)
    nrf_log_module_name_get                  0x0002fe4d   Thumb Code    24  nrf_log_frontend.o(i.nrf_log_module_name_get)
    nrf_log_panic                            0x0002fe69   Thumb Code    34  nrf_log_frontend.o(i.nrf_log_panic)
    nrf_log_std_entry_process                0x0002fe91   Thumb Code   182  nrf_log_str_formatter.o(i.nrf_log_std_entry_process)
    nrf_memobj_alloc                         0x0002ff47   Thumb Code    96  nrf_memobj.o(i.nrf_memobj_alloc)
    nrf_memobj_free                          0x0002ffa7   Thumb Code    50  nrf_memobj.o(i.nrf_memobj_free)
    nrf_memobj_get                           0x0002ffd9   Thumb Code    14  nrf_memobj.o(i.nrf_memobj_get)
    nrf_memobj_pool_init                     0x0002ffe7   Thumb Code     4  nrf_memobj.o(i.nrf_memobj_pool_init)
    nrf_memobj_put                           0x0002ffeb   Thumb Code    34  nrf_memobj.o(i.nrf_memobj_put)
    nrf_memobj_read                          0x0003000d   Thumb Code    12  nrf_memobj.o(i.nrf_memobj_read)
    nrf_memobj_write                         0x00030019   Thumb Code    12  nrf_memobj.o(i.nrf_memobj_write)
    nrf_pwr_mgmt_init                        0x00030025   Thumb Code    28  nrf_pwr_mgmt.o(i.nrf_pwr_mgmt_init)
    nrf_pwr_mgmt_run                         0x0003004d   Thumb Code    64  nrf_pwr_mgmt.o(i.nrf_pwr_mgmt_run)
    nrf_sdh_ant_enable                       0x00030091   Thumb Code    16  nrf_sdh_ant.o(i.nrf_sdh_ant_enable)
    nrf_sdh_disable_request                  0x00030135   Thumb Code    54  nrf_sdh.o(i.nrf_sdh_disable_request)
    nrf_sdh_enable_request                   0x00030171   Thumb Code    74  nrf_sdh.o(i.nrf_sdh_enable_request)
    nrf_sdh_evts_poll                        0x000301f1   Thumb Code    32  nrf_sdh.o(i.nrf_sdh_evts_poll)
    nrf_sdh_is_enabled                       0x00030215   Thumb Code     6  nrf_sdh.o(i.nrf_sdh_is_enabled)
    nrf_sdh_request_continue                 0x00030221   Thumb Code    22  nrf_sdh.o(i.nrf_sdh_request_continue)
    nrf_section_iter_init                    0x000302bd   Thumb Code    10  nrf_section_iter.o(i.nrf_section_iter_init)
    nrf_section_iter_next                    0x000302eb   Thumb Code    32  nrf_section_iter.o(i.nrf_section_iter_next)
    nrf_strerror_find                        0x0003030d   Thumb Code    52  nrf_strerror.o(i.nrf_strerror_find)
    nrf_strerror_get                         0x00030345   Thumb Code    14  nrf_strerror.o(i.nrf_strerror_get)
    nrf_log_backend_rtt_api                  0x00030cb8   Data          12  nrf_log_backend_rtt.o(.constdata)
    __ctype_table                            0x00030d84   Data         129  ctype_o.o(.constdata)
    Region$$Table$$Base                      0x000311bc   Number         0  anon$$obj.o(Region$$Table)
    Region$$Table$$Limit                     0x000311dc   Number         0  anon$$obj.o(Region$$Table)
    log_const_data$$Base                     0x000311dc   Number         0  nrf_drv_gpiote.o(log_const_data)
    m_nrf_log_gpiote_logs_data_const         0x000311dc   Data           8  nrf_drv_gpiote.o(log_const_data)
    m_nrf_log_balloc_logs_data_const         0x000311e4   Data           8  nrf_balloc.o(log_const_data)
    m_nrf_log_pwr_mgmt_logs_data_const       0x000311ec   Data           8  nrf_pwr_mgmt.o(log_const_data)
    m_nrf_log_app_logs_data_const            0x000311f4   Data           8  nrf_log_frontend.o(log_const_data)
    m_nrf_log_nrf_sdh_logs_data_const        0x000311fc   Data           8  nrf_sdh.o(log_const_data)
    m_nrf_log_nrf_sdh_ant_logs_data_const    0x00031204   Data           8  nrf_sdh_ant.o(log_const_data)
    m_nrf_log_nrf_sdh_soc_logs_data_const    0x0003120c   Data           8  nrf_sdh_soc.o(log_const_data)
    log_const_data$$Limit                    0x00031214   Number         0  nrf_sdh_soc.o(log_const_data)
    sdh_ant_observers1$$Base                 0x00031214   Number         0  ant_io_tx.o(sdh_ant_observers1)
    m_req_obs                                0x0003121c   Data           8  nrf_fstorage_sd.o(sdh_req_observers0)
    sdh_ant_observers1$$Limit                0x0003121c   Number         0  ant_io_tx.o(sdh_ant_observers1)
    sdh_req_observers0$$Base                 0x0003121c   Number         0  nrf_fstorage_sd.o(sdh_req_observers0)
    sdh_req_observers0$$Limit                0x00031224   Number         0  nrf_fstorage_sd.o(sdh_req_observers0)
    sdh_soc_observers0$$Base                 0x00031224   Number         0  nrf_fstorage_sd.o(sdh_soc_observers0)
    sdh_soc_observers0$$Limit                0x0003122c   Number         0  nrf_fstorage_sd.o(sdh_soc_observers0)
    sdh_stack_observers0$$Base               0x0003122c   Number         0  nrf_sdh_ant.o(sdh_stack_observers0)
    sdh_stack_observers0$$Limit              0x0003123c   Number         0  nrf_sdh_soc.o(sdh_stack_observers0)
    sdh_state_observers0$$Base               0x0003123c   Number         0  nrf_fstorage_sd.o(sdh_state_observers0)
    sdh_state_observers0$$Limit              0x00031244   Number         0  nrf_fstorage_sd.o(sdh_state_observers0)
    SystemCoreClock                          0x200026a4   Data           4  system_nrf52.o(.data)
    log_dynamic_data$$Base                   0x200026a8   Number         0  nrf_drv_gpiote.o(log_dynamic_data)
    m_nrf_log_gpiote_logs_data_dynamic       0x200026a8   Data          12  nrf_drv_gpiote.o(log_dynamic_data)
    m_nrf_log_balloc_logs_data_dynamic       0x200026b4   Data          12  nrf_balloc.o(log_dynamic_data)
    m_nrf_log_pwr_mgmt_logs_data_dynamic     0x200026c0   Data          12  nrf_pwr_mgmt.o(log_dynamic_data)
    m_nrf_log_app_logs_data_dynamic          0x200026cc   Data          12  nrf_log_frontend.o(log_dynamic_data)
    m_nrf_log_nrf_sdh_logs_data_dynamic      0x200026d8   Data          12  nrf_sdh.o(log_dynamic_data)
    m_nrf_log_nrf_sdh_ant_logs_data_dynamic  0x200026e4   Data          12  nrf_sdh_ant.o(log_dynamic_data)
    m_nrf_log_nrf_sdh_soc_logs_data_dynamic  0x200026f0   Data          12  nrf_sdh_soc.o(log_dynamic_data)
    nrf_nvic_state                           0x2000290c   Data          12  app_util_platform.o(.bss)
    _SEGGER_RTT                              0x20002ef4   Data         120  segger_rtt.o(.bss)
    __initial_sp                             0x20005200   Data           0  arm_startup_nrf52.o(STACK)



==============================================================================

Memory Map of the image

  Image Entry point : 0x0002d201

  Load Region LR_IROM1 (Base: 0x0002d000, Size: 0x00004348, Max: 0x00053000, ABSOLUTE)

    Execution Region ER_IROM1 (Exec base: 0x0002d000, Load base: 0x0002d000, Size: 0x00004244, Max: 0x00053000, ABSOLUTE)

    Exec Addr    Load Addr    Size         Type   Attr      Idx    E Section Name        Object

    0x0002d000   0x0002d000   0x00000200   Data   RO         3027    RESET               arm_startup_nrf52.o
    0x0002d200   0x0002d200   0x00000000   Code   RO         3072  * .ARM.Collect$$$$00000000  mc_w.l(entry.o)
    0x0002d200   0x0002d200   0x00000004   Code   RO         3122    .ARM.Collect$$$$00000001  mc_w.l(entry2.o)
    0x0002d204   0x0002d204   0x00000004   Code   RO         3125    .ARM.Collect$$$$00000004  mc_w.l(entry5.o)
    0x0002d208   0x0002d208   0x00000000   Code   RO         3127    .ARM.Collect$$$$00000008  mc_w.l(entry7b.o)
    0x0002d208   0x0002d208   0x00000000   Code   RO         3129    .ARM.Collect$$$$0000000A  mc_w.l(entry8b.o)
    0x0002d208   0x0002d208   0x00000008   Code   RO         3130    .ARM.Collect$$$$0000000B  mc_w.l(entry9a.o)
    0x0002d210   0x0002d210   0x00000000   Code   RO         3132    .ARM.Collect$$$$0000000D  mc_w.l(entry10a.o)
    0x0002d210   0x0002d210   0x00000000   Code   RO         3134    .ARM.Collect$$$$0000000F  mc_w.l(entry11a.o)
    0x0002d210   0x0002d210   0x00000004   Code   RO         3123    .ARM.Collect$$$$00002712  mc_w.l(entry2.o)
    0x0002d214   0x0002d214   0x000000c8   Code   RO         1385    .emb_text           nrf_atfifo.o
    0x0002d2dc   0x0002d2dc   0x0000009a   Code   RO         1773    .emb_text           nrf_memobj.o
    0x0002d376   0x0002d376   0x00000002   PAD
    0x0002d378   0x0002d378   0x0000009a   Code   RO         2197    .emb_text           nrf_log_frontend.o
    0x0002d412   0x0002d412   0x00000002   PAD
    0x0002d414   0x0002d414   0x00000024   Code   RO         3028    .text               arm_startup_nrf52.o
    0x0002d438   0x0002d438   0x00000062   Code   RO         3080    .text               mc_w.l(uldiv.o)
    0x0002d49a   0x0002d49a   0x00000002   PAD
    0x0002d49c   0x0002d49c   0x00000008   Code   RO         3082    .text               mc_w.l(ctype_o.o)
    0x0002d4a4   0x0002d4a4   0x00000024   Code   RO         3110    .text               mc_w.l(memcpya.o)
    0x0002d4c8   0x0002d4c8   0x00000024   Code   RO         3112    .text               mc_w.l(memseta.o)
    0x0002d4ec   0x0002d4ec   0x0000000e   Code   RO         3114    .text               mc_w.l(strlen.o)
    0x0002d4fa   0x0002d4fa   0x00000012   Code   RO         3118    .text               mc_w.l(strcpy.o)
    0x0002d50c   0x0002d50c   0x0000001e   Code   RO         3137    .text               mc_w.l(llshl.o)
    0x0002d52a   0x0002d52a   0x00000020   Code   RO         3139    .text               mc_w.l(llushr.o)
    0x0002d54a   0x0002d54a   0x00000002   PAD
    0x0002d54c   0x0002d54c   0x00000024   Code   RO         3142    .text               mc_w.l(init.o)
    0x0002d570   0x0002d570   0x00000174   Code   RO          681    i.GPIOTE_IRQHandler  nrf_drv_gpiote.o
    0x0002d6e4   0x0002d6e4   0x00000016   Code   RO         1121    i.NVIC_ClearPendingIRQ  app_timer.o
    0x0002d6fa   0x0002d6fa   0x00000016   Code   RO         1122    i.NVIC_EnableIRQ    app_timer.o
    0x0002d710   0x0002d710   0x00000016   Code   RO         1123    i.NVIC_SetPendingIRQ  app_timer.o
    0x0002d726   0x0002d726   0x00000020   Code   RO         1124    i.NVIC_SetPriority  app_timer.o
    0x0002d746   0x0002d746   0x00000002   PAD
    0x0002d748   0x0002d748   0x00000024   Code   RO         1125    i.RTC1_IRQHandler   app_timer.o
    0x0002d76c   0x0002d76c   0x00000004   Code   RO         2479    i.SEGGER_RTT_Init   segger_rtt.o
    0x0002d770   0x0002d770   0x0000003c   Code   RO         2492    i.SEGGER_RTT_Write  segger_rtt.o
    0x0002d7ac   0x0002d7ac   0x0000005c   Code   RO         2493    i.SEGGER_RTT_WriteNoLock  segger_rtt.o
    0x0002d808   0x0002d808   0x0000001a   Code   RO         2495    i.SEGGER_RTT_WriteString  segger_rtt.o
    0x0002d822   0x0002d822   0x00000016   Code   RO         2771    i.SEGGER_RTT_printf  segger_rtt_printf.o
    0x0002d838   0x0002d838   0x00000196   Code   RO         2772    i.SEGGER_RTT_vprintf  segger_rtt_printf.o
    0x0002d9ce   0x0002d9ce   0x00000004   Code   RO         1126    i.SWI0_EGU0_IRQHandler  app_timer.o
    0x0002d9d2   0x0002d9d2   0x00000004   Code   RO         2821    i.SWI2_EGU2_IRQHandler  nrf_sdh.o
    0x0002d9d6   0x0002d9d6   0x00000002   PAD
    0x0002d9d8   0x0002d9d8   0x000002fc   Code   RO         3036    i.SystemInit        system_nrf52.o
    0x0002dcd4   0x0002dcd4   0x00000068   Code   RO         2497    i._DoInit           segger_rtt.o
    0x0002dd3c   0x0002dd3c   0x00000016   Code   RO         2498    i._GetAvailWriteSpace  segger_rtt.o
    0x0002dd52   0x0002dd52   0x00000002   PAD
    0x0002dd54   0x0002dd54   0x000000c6   Code   RO         2773    i._PrintInt         segger_rtt_printf.o
    0x0002de1a   0x0002de1a   0x00000002   PAD
    0x0002de1c   0x0002de1c   0x000000d4   Code   RO         2774    i._PrintUnsigned    segger_rtt_printf.o
    0x0002def0   0x0002def0   0x0000003e   Code   RO         2775    i._StoreChar        segger_rtt_printf.o
    0x0002df2e   0x0002df2e   0x0000005a   Code   RO         2500    i._WriteBlocking    segger_rtt.o
    0x0002df88   0x0002df88   0x00000042   Code   RO         2501    i._WriteNoCheck     segger_rtt.o
    0x0002dfca   0x0002dfca   0x0000000e   Code   RO         3146    i.__scatterload_copy  mc_w.l(handlers.o)
    0x0002dfd8   0x0002dfd8   0x00000002   Code   RO         3147    i.__scatterload_null  mc_w.l(handlers.o)
    0x0002dfda   0x0002dfda   0x0000000e   Code   RO         3148    i.__scatterload_zeroinit  mc_w.l(handlers.o)
    0x0002dfe8   0x0002dfe8   0x00000024   Code   RO         2822    i.__sd_nvic_app_accessible_irq  nrf_sdh.o
    0x0002e00c   0x0002e00c   0x00000016   Code   RO         2823    i.__sd_nvic_is_app_accessible_priority  nrf_sdh.o
    0x0002e022   0x0002e022   0x00000006   Code   RO          436    i.alert_timer_handler  bsp.o
    0x0002e028   0x0002e028   0x0000003c   Code   RO          595    i.ant_channel_init  ant_channel_config.o
    0x0002e064   0x0002e064   0x0000003c   Code   RO          218    i.ant_evt_handler   ant_io_tx.o
    0x0002e0a0   0x0002e0a0   0x0000010c   Code   RO          219    i.ant_io_tx_setup   ant_io_tx.o
    0x0002e1ac   0x0002e1ac   0x00000024   Code   RO          939    i.app_button_enable  app_button.o
    0x0002e1d0   0x0002e1d0   0x00000070   Code   RO          940    i.app_button_init   app_button.o
    0x0002e240   0x0002e240   0x00000140   Code   RO         1040    i.app_error_fault_handler  app_error_weak.o
    0x0002e380   0x0002e380   0x00000018   Code   RO         1000    i.app_error_handler  app_error.o
    0x0002e398   0x0002e398   0x00000064   Code   RO         1002    i.app_error_save_and_stop  app_error.o
    0x0002e3fc   0x0002e3fc   0x00000028   Code   RO         1129    i.app_timer_create  app_timer.o
    0x0002e424   0x0002e424   0x00000054   Code   RO         1130    i.app_timer_init    app_timer.o
    0x0002e478   0x0002e478   0x00000088   Code   RO         1133    i.app_timer_start   app_timer.o
    0x0002e500   0x0002e500   0x00000020   Code   RO         1134    i.app_timer_stop    app_timer.o
    0x0002e520   0x0002e520   0x00000048   Code   RO         1290    i.app_util_critical_region_enter  app_util_platform.o
    0x0002e568   0x0002e568   0x00000034   Code   RO         1291    i.app_util_critical_region_exit  app_util_platform.o
    0x0002e59c   0x0002e59c   0x00000024   Code   RO          331    i.bsp_board_led_invert  boards.o
    0x0002e5c0   0x0002e5c0   0x00000010   Code   RO          332    i.bsp_board_led_off  boards.o
    0x0002e5d0   0x0002e5d0   0x00000010   Code   RO          333    i.bsp_board_led_on  boards.o
    0x0002e5e0   0x0002e5e0   0x00000020   Code   RO          334    i.bsp_board_led_state_get  boards.o
    0x0002e600   0x0002e600   0x0000002c   Code   RO          335    i.bsp_board_leds_init  boards.o
    0x0002e62c   0x0002e62c   0x00000012   Code   RO          336    i.bsp_board_leds_off  boards.o
    0x0002e63e   0x0002e63e   0x00000012   Code   RO          337    i.bsp_board_leds_on  boards.o
    0x0002e650   0x0002e650   0x00000024   Code   RO          338    i.bsp_board_pin_to_button_idx  boards.o
    0x0002e674   0x0002e674   0x00000090   Code   RO          437    i.bsp_button_event_handler  bsp.o
    0x0002e704   0x0002e704   0x00000044   Code   RO          441    i.bsp_event_to_button_action_assign  bsp.o
    0x0002e748   0x0002e748   0x00000094   Code   RO          443    i.bsp_init          bsp.o
    0x0002e7dc   0x0002e7dc   0x000001b8   Code   RO          444    i.bsp_led_indication  bsp.o
    0x0002e994   0x0002e994   0x00000064   Code   RO         2198    i.buf_prealloc      nrf_log_frontend.o
    0x0002e9f8   0x0002e9f8   0x0000001e   Code   RO         1542    i.buffer_add        nrf_fprintf_format.o
    0x0002ea16   0x0002ea16   0x00000002   PAD
    0x0002ea18   0x0002ea18   0x00000014   Code   RO         2199    i.buffer_is_empty   nrf_log_frontend.o
    0x0002ea2c   0x0002ea2c   0x00000008   Code   RO          447    i.button_timer_handler  bsp.o
    0x0002ea34   0x0002ea34   0x0000001c   Code   RO          682    i.channel_free      nrf_drv_gpiote.o
    0x0002ea50   0x0002ea50   0x00000048   Code   RO          683    i.channel_port_alloc  nrf_drv_gpiote.o
    0x0002ea98   0x0002ea98   0x00000010   Code   RO          684    i.channel_port_get  nrf_drv_gpiote.o
    0x0002eaa8   0x0002eaa8   0x000000ac   Code   RO         1136    i.compare_reg_update  app_timer.o
    0x0002eb54   0x0002eb54   0x00000060   Code   RO          942    i.detection_delay_timeout_handler  app_button.o
    0x0002ebb4   0x0002ebb4   0x00000040   Code   RO         1137    i.elapsed_ticks_acquire  app_timer.o
    0x0002ebf4   0x0002ebf4   0x0000004e   Code   RO         1652    i.event_send        nrf_fstorage_sd.o
    0x0002ec42   0x0002ec42   0x00000002   PAD
    0x0002ec44   0x0002ec44   0x00000058   Code   RO          943    i.gpiote_event_handler  app_button.o
    0x0002ec9c   0x0002ec9c   0x0000011c   Code   RO          220    i.handle_transmit   ant_io_tx.o
    0x0002edb8   0x0002edb8   0x000000a6   Code   RO         1543    i.int_print         nrf_fprintf_format.o
    0x0002ee5e   0x0002ee5e   0x00000002   PAD
    0x0002ee60   0x0002ee60   0x00000030   Code   RO          448    i.leds_off          bsp.o
    0x0002ee90   0x0002ee90   0x00000014   Code   RO          449    i.leds_timer_handler  bsp.o
    0x0002eea4   0x0002eea4   0x000000f8   Code   RO         1138    i.list_insertions_handler  app_timer.o
    0x0002ef9c   0x0002ef9c   0x00000094   Code   RO         2201    i.log_skip          nrf_log_frontend.o
    0x0002f030   0x0002f030   0x00000150   Code   RO            4    i.main              main.o
    0x0002f180   0x0002f180   0x00000076   Code   RO         1774    i.memobj_op         nrf_memobj.o
    0x0002f1f6   0x0002f1f6   0x00000002   PAD
    0x0002f1f8   0x0002f1f8   0x00000034   Code   RO         2202    i.module_idx_get    nrf_log_frontend.o
    0x0002f22c   0x0002f22c   0x00000016   Code   RO         1391    i.nrf_atfifo_item_free  nrf_atfifo.o
    0x0002f242   0x0002f242   0x00000016   Code   RO         1392    i.nrf_atfifo_item_get  nrf_atfifo.o
    0x0002f258   0x0002f258   0x0000000e   Code   RO         2203    i.nrf_atomic_flag_set  nrf_log_frontend.o
    0x0002f266   0x0002f266   0x00000044   Code   RO         1458    i.nrf_balloc_alloc  nrf_balloc.o
    0x0002f2aa   0x0002f2aa   0x00000030   Code   RO         1459    i.nrf_balloc_free   nrf_balloc.o
    0x0002f2da   0x0002f2da   0x00000030   Code   RO         1460    i.nrf_balloc_init   nrf_balloc.o
    0x0002f30a   0x0002f30a   0x00000010   Code   RO          685    i.nrf_bitmask_bit_is_set  nrf_drv_gpiote.o
    0x0002f31a   0x0002f31a   0x00000002   PAD
    0x0002f31c   0x0002f31c   0x0000008c   Code   RO         1139    i.nrf_delay_us      app_timer.o
    0x0002f3a8   0x0002f3a8   0x00000038   Code   RO          640    i.nrf_drv_common_irq_enable  nrf_drv_common.o
    0x0002f3e0   0x0002f3e0   0x000000a4   Code   RO          690    i.nrf_drv_gpiote_in_event_enable  nrf_drv_gpiote.o
    0x0002f484   0x0002f484   0x000000b8   Code   RO          691    i.nrf_drv_gpiote_in_init  nrf_drv_gpiote.o
    0x0002f53c   0x0002f53c   0x00000014   Code   RO          692    i.nrf_drv_gpiote_in_is_set  nrf_drv_gpiote.o
    0x0002f550   0x0002f550   0x0000005c   Code   RO          694    i.nrf_drv_gpiote_init  nrf_drv_gpiote.o
    0x0002f5ac   0x0002f5ac   0x00000014   Code   RO          695    i.nrf_drv_gpiote_is_init  nrf_drv_gpiote.o
    0x0002f5c0   0x0002f5c0   0x0000001a   Code   RO         1499    i.nrf_fprintf       nrf_fprintf.o
    0x0002f5da   0x0002f5da   0x00000018   Code   RO         1500    i.nrf_fprintf_buffer_flush  nrf_fprintf.o
    0x0002f5f2   0x0002f5f2   0x000001da   Code   RO         1544    i.nrf_fprintf_fmt   nrf_fprintf_format.o
    0x0002f7cc   0x0002f7cc   0x00000018   Code   RO         1655    i.nrf_fstorage_sdh_req_handler  nrf_fstorage_sd.o
    0x0002f7e4   0x0002f7e4   0x00000020   Code   RO         1656    i.nrf_fstorage_sdh_state_handler  nrf_fstorage_sd.o
    0x0002f804   0x0002f804   0x000000a4   Code   RO         1657    i.nrf_fstorage_sys_evt_handler  nrf_fstorage_sd.o
    0x0002f8a8   0x0002f8a8   0x00000024   Code   RO          340    i.nrf_gpio_cfg      boards.o
    0x0002f8cc   0x0002f8cc   0x00000024   Code   RO          709    i.nrf_gpio_cfg      nrf_drv_gpiote.o
    0x0002f8f0   0x0002f8f0   0x00000022   Code   RO          711    i.nrf_gpio_cfg_sense_set  nrf_drv_gpiote.o
    0x0002f912   0x0002f912   0x00000016   Code   RO          341    i.nrf_gpio_pin_write  boards.o
    0x0002f928   0x0002f928   0x00000028   Code   RO          712    i.nrf_gpio_ports_read  nrf_drv_gpiote.o
    0x0002f950   0x0002f950   0x00000014   Code   RO          713    i.nrf_gpiote_event_clear  nrf_drv_gpiote.o
    0x0002f964   0x0002f964   0x00000010   Code   RO          714    i.nrf_gpiote_event_is_set  nrf_drv_gpiote.o
    0x0002f974   0x0002f974   0x00000050   Code   RO         2204    i.nrf_log_backend_add  nrf_log_frontend.o
    0x0002f9c4   0x0002f9c4   0x00000002   Code   RO         2106    i.nrf_log_backend_rtt_flush  nrf_log_backend_rtt.o
    0x0002f9c6   0x0002f9c6   0x00000004   Code   RO         2107    i.nrf_log_backend_rtt_init  nrf_log_backend_rtt.o
    0x0002f9ca   0x0002f9ca   0x00000002   Code   RO         2108    i.nrf_log_backend_rtt_panic_set  nrf_log_backend_rtt.o
    0x0002f9cc   0x0002f9cc   0x00000018   Code   RO         2109    i.nrf_log_backend_rtt_put  nrf_log_backend_rtt.o
    0x0002f9e4   0x0002f9e4   0x000000d2   Code   RO         2163    i.nrf_log_backend_serial_put  nrf_log_backend_serial.o
    0x0002fab6   0x0002fab6   0x00000002   PAD
    0x0002fab8   0x0002fab8   0x00000030   Code   RO         2206    i.nrf_log_color_id_get  nrf_log_frontend.o
    0x0002fae8   0x0002fae8   0x0000001c   Code   RO         2435    i.nrf_log_default_backends_init  nrf_log_default_backends.o
    0x0002fb04   0x0002fb04   0x000001f0   Code   RO         2207    i.nrf_log_frontend_dequeue  nrf_log_frontend.o
    0x0002fcf4   0x0002fcf4   0x00000008   Code   RO         2209    i.nrf_log_frontend_std_0  nrf_log_frontend.o
    0x0002fcfc   0x0002fcfc   0x0000000e   Code   RO         2210    i.nrf_log_frontend_std_1  nrf_log_frontend.o
    0x0002fd0a   0x0002fd0a   0x00000010   Code   RO         2211    i.nrf_log_frontend_std_2  nrf_log_frontend.o
    0x0002fd1a   0x0002fd1a   0x00000014   Code   RO         2213    i.nrf_log_frontend_std_4  nrf_log_frontend.o
    0x0002fd2e   0x0002fd2e   0x00000002   PAD
    0x0002fd30   0x0002fd30   0x000000ac   Code   RO         2389    i.nrf_log_hexdump_entry_process  nrf_log_str_formatter.o
    0x0002fddc   0x0002fddc   0x0000005c   Code   RO         2216    i.nrf_log_init      nrf_log_frontend.o
    0x0002fe38   0x0002fe38   0x00000014   Code   RO         2217    i.nrf_log_module_cnt_get  nrf_log_frontend.o
    0x0002fe4c   0x0002fe4c   0x0000001c   Code   RO         2220    i.nrf_log_module_name_get  nrf_log_frontend.o
    0x0002fe68   0x0002fe68   0x00000028   Code   RO         2221    i.nrf_log_panic     nrf_log_frontend.o
    0x0002fe90   0x0002fe90   0x000000b6   Code   RO         2390    i.nrf_log_std_entry_process  nrf_log_str_formatter.o
    0x0002ff46   0x0002ff46   0x00000060   Code   RO         1775    i.nrf_memobj_alloc  nrf_memobj.o
    0x0002ffa6   0x0002ffa6   0x00000032   Code   RO         1776    i.nrf_memobj_free   nrf_memobj.o
    0x0002ffd8   0x0002ffd8   0x0000000e   Code   RO         1777    i.nrf_memobj_get    nrf_memobj.o
    0x0002ffe6   0x0002ffe6   0x00000004   Code   RO         1778    i.nrf_memobj_pool_init  nrf_memobj.o
    0x0002ffea   0x0002ffea   0x00000022   Code   RO         1779    i.nrf_memobj_put    nrf_memobj.o
    0x0003000c   0x0003000c   0x0000000c   Code   RO         1780    i.nrf_memobj_read   nrf_memobj.o
    0x00030018   0x00030018   0x0000000c   Code   RO         1781    i.nrf_memobj_write  nrf_memobj.o
    0x00030024   0x00030024   0x00000028   Code   RO         1860    i.nrf_pwr_mgmt_init  nrf_pwr_mgmt.o
    0x0003004c   0x0003004c   0x00000044   Code   RO         1861    i.nrf_pwr_mgmt_run  nrf_pwr_mgmt.o
    0x00030090   0x00030090   0x00000014   Code   RO         2957    i.nrf_sdh_ant_enable  nrf_sdh_ant.o
    0x000300a4   0x000300a4   0x00000090   Code   RO         2958    i.nrf_sdh_ant_evts_poll  nrf_sdh_ant.o
    0x00030134   0x00030134   0x0000003c   Code   RO         2824    i.nrf_sdh_disable_request  nrf_sdh.o
    0x00030170   0x00030170   0x00000080   Code   RO         2825    i.nrf_sdh_enable_request  nrf_sdh.o
    0x000301f0   0x000301f0   0x00000024   Code   RO         2826    i.nrf_sdh_evts_poll  nrf_sdh.o
    0x00030214   0x00030214   0x0000000c   Code   RO         2827    i.nrf_sdh_is_enabled  nrf_sdh.o
    0x00030220   0x00030220   0x0000001c   Code   RO         2829    i.nrf_sdh_request_continue  nrf_sdh.o
    0x0003023c   0x0003023c   0x00000080   Code   RO         2996    i.nrf_sdh_soc_evts_poll  nrf_sdh_soc.o
    0x000302bc   0x000302bc   0x0000000a   Code   RO         1938    i.nrf_section_iter_init  nrf_section_iter.o
    0x000302c6   0x000302c6   0x00000024   Code   RO         1939    i.nrf_section_iter_item_set  nrf_section_iter.o
    0x000302ea   0x000302ea   0x00000020   Code   RO         1940    i.nrf_section_iter_next  nrf_section_iter.o
    0x0003030a   0x0003030a   0x00000002   PAD
    0x0003030c   0x0003030c   0x00000038   Code   RO         1973    i.nrf_strerror_find  nrf_strerror.o
    0x00030344   0x00030344   0x00000014   Code   RO         1974    i.nrf_strerror_get  nrf_strerror.o
    0x00030358   0x00030358   0x00000018   Code   RO          715    i.pin_in_use_by_port  nrf_drv_gpiote.o
    0x00030370   0x00030370   0x00000018   Code   RO          716    i.pin_in_use_by_te  nrf_drv_gpiote.o
    0x00030388   0x00030388   0x0000003c   Code   RO         2391    i.postfix_process   nrf_log_str_formatter.o
    0x000303c4   0x000303c4   0x0000005c   Code   RO         2392    i.prefix_process    nrf_log_str_formatter.o
    0x00030420   0x00030420   0x00000098   Code   RO         1658    i.queue_process     nrf_fstorage_sd.o
    0x000304b8   0x000304b8   0x0000003c   Code   RO         1140    i.rtc1_stop         app_timer.o
    0x000304f4   0x000304f4   0x00000042   Code   RO         2832    i.sd_nvic_SetPriority  nrf_sdh.o
    0x00030536   0x00030536   0x00000002   PAD
    0x00030538   0x00030538   0x00000030   Code   RO         2833    i.sdh_request_observer_notify  nrf_sdh.o
    0x00030568   0x00030568   0x0000002c   Code   RO         2834    i.sdh_state_observer_notify  nrf_sdh.o
    0x00030594   0x00030594   0x0000002a   Code   RO         2110    i.serial_tx         nrf_log_backend_rtt.o
    0x000305be   0x000305be   0x00000002   PAD
    0x000305c0   0x000305c0   0x00000078   Code   RO         2835    i.softdevice_evt_irq_disable  nrf_sdh.o
    0x00030638   0x00030638   0x000000a4   Code   RO          221    i.softdevice_setup  ant_io_tx.o
    0x000306dc   0x000306dc   0x00000090   Code   RO         2836    i.softdevices_evt_irq_enable  nrf_sdh.o
    0x0003076c   0x0003076c   0x00000090   Code   RO         2223    i.std_n             nrf_log_frontend.o
    0x000307fc   0x000307fc   0x0000006c   Code   RO         2837    i.swi_interrupt_priority_workaround  nrf_sdh.o
    0x00030868   0x00030868   0x00000080   Code   RO         1141    i.timer_list_handler  app_timer.o
    0x000308e8   0x000308e8   0x0000003c   Code   RO         1142    i.timer_list_insert  app_timer.o
    0x00030924   0x00030924   0x00000060   Code   RO         1143    i.timer_list_remove  app_timer.o
    0x00030984   0x00030984   0x00000048   Code   RO         1144    i.timer_stop_op_schedule  app_timer.o
    0x000309cc   0x000309cc   0x00000074   Code   RO         1145    i.timer_timeouts_check  app_timer.o
    0x00030a40   0x00030a40   0x000000b4   Code   RO         1545    i.unsigned_print    nrf_fprintf_format.o
    0x00030af4   0x00030af4   0x00000030   Code   RO         1146    i.user_op_alloc     app_timer.o
    0x00030b24   0x00030b24   0x0000000c   Data   RO          222    .constdata          ant_io_tx.o
    0x00030b30   0x00030b30   0x00000008   Data   RO          342    .constdata          boards.o
    0x00030b38   0x00030b38   0x0000002c   Data   RO          455    .constdata          bsp.o
    0x00030b64   0x00030b64   0x00000004   Data   RO          718    .constdata          nrf_drv_gpiote.o
    0x00030b68   0x00030b68   0x00000008   Data   RO          945    .constdata          app_button.o
    0x00030b70   0x00030b70   0x00000010   Data   RO         1546    .constdata          nrf_fprintf_format.o
    0x00030b80   0x00030b80   0x00000010   Data   RO         1667    .constdata          nrf_fstorage_sd.o
    0x00030b90   0x00030b90   0x00000018   Data   RO         1865    .constdata          nrf_pwr_mgmt.o
    0x00030ba8   0x00030ba8   0x0000000c   Data   RO         1866    .constdata          nrf_pwr_mgmt.o
    0x00030bb4   0x00030bb4   0x00000104   Data   RO         1975    .constdata          nrf_strerror.o
    0x00030cb8   0x00030cb8   0x0000000c   Data   RO         2112    .constdata          nrf_log_backend_rtt.o
    0x00030cc4   0x00030cc4   0x00000014   Data   RO         2226    .constdata          nrf_log_frontend.o
    0x00030cd8   0x00030cd8   0x00000010   Data   RO         2776    .constdata          segger_rtt_printf.o
    0x00030ce8   0x00030ce8   0x00000010   Data   RO         2838    .constdata          nrf_sdh.o
    0x00030cf8   0x00030cf8   0x00000028   Data   RO         2839    .constdata          nrf_sdh.o
    0x00030d20   0x00030d20   0x00000010   Data   RO         2840    .constdata          nrf_sdh.o
    0x00030d30   0x00030d30   0x00000010   Data   RO         2841    .constdata          nrf_sdh.o
    0x00030d40   0x00030d40   0x00000010   Data   RO         2960    .constdata          nrf_sdh_ant.o
    0x00030d50   0x00030d50   0x00000018   Data   RO         2961    .constdata          nrf_sdh_ant.o
    0x00030d68   0x00030d68   0x00000010   Data   RO         2997    .constdata          nrf_sdh_soc.o
    0x00030d78   0x00030d78   0x0000000c   Data   RO         2998    .constdata          nrf_sdh_soc.o
    0x00030d84   0x00030d84   0x00000081   Data   RO         3083    .constdata          mc_w.l(ctype_o.o)
    0x00030e05   0x00030e05   0x00000003   PAD
    0x00030e08   0x00030e08   0x00000004   Data   RO         3084    .constdata          mc_w.l(ctype_o.o)
    0x00030e0c   0x00030e0c   0x00000307   Data   RO         1976    .conststring        nrf_strerror.o
    0x00031113   0x00031113   0x00000001   PAD
    0x00031114   0x00031114   0x00000066   Data   RO         2393    .conststring        nrf_log_str_formatter.o
    0x0003117a   0x0003117a   0x00000002   PAD
    0x0003117c   0x0003117c   0x00000007   Data   RO          722    .conststrlit        nrf_drv_gpiote.o
    0x00031183   0x00031183   0x00000001   PAD
    0x00031184   0x00031184   0x00000007   Data   RO         1461    .conststrlit        nrf_balloc.o
    0x0003118b   0x0003118b   0x00000001   PAD
    0x0003118c   0x0003118c   0x00000009   Data   RO         1867    .conststrlit        nrf_pwr_mgmt.o
    0x00031195   0x00031195   0x00000003   PAD
    0x00031198   0x00031198   0x00000004   Data   RO         2228    .conststrlit        nrf_log_frontend.o
    0x0003119c   0x0003119c   0x00000008   Data   RO         2842    .conststrlit        nrf_sdh.o
    0x000311a4   0x000311a4   0x0000000c   Data   RO         2962    .conststrlit        nrf_sdh_ant.o
    0x000311b0   0x000311b0   0x0000000c   Data   RO         2999    .conststrlit        nrf_sdh_soc.o
    0x000311bc   0x000311bc   0x00000020   Data   RO         3144    Region$$Table       anon$$obj.o
    0x000311dc   0x000311dc   0x00000008   Data   RO          723    log_const_data      nrf_drv_gpiote.o
    0x000311e4   0x000311e4   0x00000008   Data   RO         1462    log_const_data      nrf_balloc.o
    0x000311ec   0x000311ec   0x00000008   Data   RO         1869    log_const_data      nrf_pwr_mgmt.o
    0x000311f4   0x000311f4   0x00000008   Data   RO         2232    log_const_data      nrf_log_frontend.o
    0x000311fc   0x000311fc   0x00000008   Data   RO         2844    log_const_data      nrf_sdh.o
    0x00031204   0x00031204   0x00000008   Data   RO         2963    log_const_data      nrf_sdh_ant.o
    0x0003120c   0x0003120c   0x00000008   Data   RO         3000    log_const_data      nrf_sdh_soc.o
    0x00031214   0x00031214   0x00000008   Data   RO          224    sdh_ant_observers1  ant_io_tx.o
    0x0003121c   0x0003121c   0x00000008   Data   RO         1670    sdh_req_observers0  nrf_fstorage_sd.o
    0x00031224   0x00031224   0x00000008   Data   RO         1671    sdh_soc_observers0  nrf_fstorage_sd.o
    0x0003122c   0x0003122c   0x00000008   Data   RO         2965    sdh_stack_observers0  nrf_sdh_ant.o
    0x00031234   0x00031234   0x00000008   Data   RO         3002    sdh_stack_observers0  nrf_sdh_soc.o
    0x0003123c   0x0003123c   0x00000008   Data   RO         1672    sdh_state_observers0  nrf_fstorage_sd.o


    Execution Region RW_IRAM1 (Exec base: 0x200025f8, Load base: 0x00031244, Size: 0x00002c08, Max: 0x0000da08, ABSOLUTE)

    Exec Addr    Load Addr    Size         Type   Attr      Idx    E Section Name        Object

    0x200025f8   0x00031244   0x0000000a   Data   RW          223    .data               ant_io_tx.o
    0x20002602   0x0003124e   0x00000002   PAD
    0x20002604   0x00031250   0x00000010   Data   RW          456    .data               bsp.o
    0x20002614   0x00031260   0x00000014   Data   RW          946    .data               app_button.o
    0x20002628   0x00031274   0x00000014   Data   RW         1148    .data               app_timer.o
    0x2000263c   0x00031288   0x00000008   Data   RW         1669    .data               nrf_fstorage_sd.o
    0x20002644   0x00031290   0x00000008   Data   RW         1868    .data               nrf_pwr_mgmt.o
    0x2000264c   0x00031298   0x00000008   Data   RW         2230    .data               nrf_log_frontend.o
    0x20002654   0x000312a0   0x00000008   Data   RW         2231    .data               nrf_log_frontend.o
    0x2000265c   0x000312a8   0x00000038   Data   RW         2394    .data               nrf_log_str_formatter.o
    0x20002694   0x000312e0   0x0000000c   Data   RW         2436    .data               nrf_log_default_backends.o
    0x200026a0   0x000312ec   0x00000003   Data   RW         2843    .data               nrf_sdh.o
    0x200026a3   0x000312ef   0x00000001   PAD
    0x200026a4   0x000312f0   0x00000004   Data   RW         3037    .data               system_nrf52.o
    0x200026a8   0x000312f4   0x0000000c   Data   RW          724    log_dynamic_data    nrf_drv_gpiote.o
    0x200026b4   0x00031300   0x0000000c   Data   RW         1463    log_dynamic_data    nrf_balloc.o
    0x200026c0   0x0003130c   0x0000000c   Data   RW         1870    log_dynamic_data    nrf_pwr_mgmt.o
    0x200026cc   0x00031318   0x0000000c   Data   RW         2233    log_dynamic_data    nrf_log_frontend.o
    0x200026d8   0x00031324   0x0000000c   Data   RW         2845    log_dynamic_data    nrf_sdh.o
    0x200026e4   0x00031330   0x0000000c   Data   RW         2964    log_dynamic_data    nrf_sdh_ant.o
    0x200026f0   0x0003133c   0x0000000c   Data   RW         3001    log_dynamic_data    nrf_sdh_soc.o
    0x200026fc        -       0x00000020   Zero   RW          451    .bss                bsp.o
    0x2000271c        -       0x00000020   Zero   RW          452    .bss                bsp.o
    0x2000273c        -       0x0000000c   Zero   RW          453    .bss                bsp.o
    0x20002748        -       0x00000020   Zero   RW          454    .bss                bsp.o
    0x20002768        -       0x00000058   Zero   RW          717    .bss                nrf_drv_gpiote.o
    0x200027c0        -       0x00000020   Zero   RW          944    .bss                app_button.o
    0x200027e0        -       0x00000020   Zero   RW         1003    .bss                app_error.o
    0x20002800        -       0x0000010c   Zero   RW         1147    .bss                app_timer.o
    0x2000290c        -       0x0000000c   Zero   RW         1296    .bss                app_util_platform.o
    0x20002918        -       0x000000a0   Zero   RW         1665    .bss                nrf_fstorage_sd.o
    0x200029b8        -       0x00000010   Zero   RW         1666    .bss                nrf_fstorage_sd.o
    0x200029c8        -       0x0000000c   Zero   RW         1864    .bss                nrf_pwr_mgmt.o
    0x200029d4        -       0x00000040   Zero   RW         2111    .bss                nrf_log_backend_rtt.o
    0x20002a14        -       0x000000c0   Zero   RW         2224    .bss                nrf_log_frontend.o
    0x20002ad4        -       0x00000420   Zero   RW         2225    .bss                nrf_log_frontend.o
    0x20002ef4        -       0x00000288   Zero   RW         2502    .bss                segger_rtt.o
    0x2000317c        -       0x00000080   Zero   RW         2959    .bss                nrf_sdh_ant.o
    0x200031fc   0x00031348   0x00000004   PAD
    0x20003200        -       0x00002000   Zero   RW         3025    STACK               arm_startup_nrf52.o


==============================================================================

Image component sizes


      Code (inc. data)   RO Data    RW Data    ZI Data      Debug   Object Name

        60          0          0          0          0       2451   ant_channel_config.o
       776        434         20         10          0      46678   ant_io_tx.o
       332         34          8         20         32       9746   app_button.o
       124          4          0          0         32       3674   app_error.o
       320        152          0          0          0       4690   app_error_weak.o
      1634        122          0         20        268      46479   app_timer.o
       124         14          0          0         12       9202   app_util_platform.o
        36          8        512          0       8192        876   arm_startup_nrf52.o
       274         32          8          0          0      11137   boards.o
       882         80         44         16        108      13491   bsp.o
       336        160          0          0          0      42303   main.o
       244          0          0          0          0       4689   nrf_atfifo.o
       164          0         15         12          0       3657   nrf_balloc.o
        56          0          0          0          0      29143   nrf_drv_common.o
      1178         84         19         12         88      34638   nrf_drv_gpiote.o
        50          0          0          0          0       3317   nrf_fprintf.o
       850          4         16          0          0       5218   nrf_fprintf_format.o
       450         36         40          8        176      13679   nrf_fstorage_sd.o
        74          8         12          0         64       5065   nrf_log_backend_rtt.o
       210          0          0          0          0      10191   nrf_log_backend_serial.o
        28          6          0         12          0       2810   nrf_log_default_backends.o
      1494         88         32         28       1248      30892   nrf_log_frontend.o
       506         66        102         56          0       5288   nrf_log_str_formatter.o
       494          0          0          0          0      12555   nrf_memobj.o
       108         16         53         20         12      39631   nrf_pwr_mgmt.o
       856        284        104         15          0      49856   nrf_sdh.o
       164         74         68         12        128       3169   nrf_sdh_ant.o
       128         68         56         12          0       2424   nrf_sdh_soc.o
        78          0          0          0          0       2564   nrf_section_iter.o
        76         10       1035          0          0       2531   nrf_strerror.o
       464         40          0          0        648      10113   segger_rtt.o
       900          6         16          0          0       6117   segger_rtt_printf.o
       764         64          0          4          0      29406   system_nrf52.o

    ----------------------------------------------------------------------
     14266       1894       2200        260      11012     497680   Object Totals
         0          0         32          0          0          0   (incl. Generated)
        32          0          8          3          4          0   (incl. Padding)

    ----------------------------------------------------------------------

      Code (inc. data)   RO Data    RW Data    ZI Data      Debug   Library Member Name

         8          4        133          0          0         68   ctype_o.o
         0          0          0          0          0          0   entry.o
         0          0          0          0          0          0   entry10a.o
         0          0          0          0          0          0   entry11a.o
         8          4          0          0          0          0   entry2.o
         4          0          0          0          0          0   entry5.o
         0          0          0          0          0          0   entry7b.o
         0          0          0          0          0          0   entry8b.o
         8          4          0          0          0          0   entry9a.o
        30          0          0          0          0          0   handlers.o
        36          8          0          0          0         68   init.o
        30          0          0          0          0         68   llshl.o
        32          0          0          0          0         68   llushr.o
        36          0          0          0          0         68   memcpya.o
        36          0          0          0          0        108   memseta.o
        18          0          0          0          0         68   strcpy.o
        14          0          0          0          0         68   strlen.o
        98          0          0          0          0         92   uldiv.o

    ----------------------------------------------------------------------
       362         20        136          0          0        676   Library Totals
         4          0          3          0          0          0   (incl. Padding)

    ----------------------------------------------------------------------

      Code (inc. data)   RO Data    RW Data    ZI Data      Debug   Library Name

       358         20        133          0          0        676   mc_w.l

    ----------------------------------------------------------------------
       362         20        136          0          0        676   Library Totals

    ----------------------------------------------------------------------

==============================================================================


      Code (inc. data)   RO Data    RW Data    ZI Data      Debug   

     14628       1914       2336        260      11012     482452   Grand Totals
     14628       1914       2336        260      11012     482452   ELF Image Totals
     14628       1914       2336        260          0          0   ROM Totals

==============================================================================

    Total RO  Size (Code + RO Data)                16964 (  16.57kB)
    Total RW  Size (RW Data + ZI Data)             11272 (  11.01kB)
    Total ROM Size (Code + RO Data + RW Data)      17224 (  16.82kB)

==============================================================================

